Archive member included to satisfy reference by file (symbol)

C:/ST/STM32CubeCLT_1.19.0/GNU-tools-for-STM32/bin/../lib/gcc/arm-none-eabi/13.3.1/../../../../arm-none-eabi/lib/thumb/v7e-m+fp/hard\libm.a(libm_a-sf_cos.o)
                              CMakeFiles/4100901-Room_Control-CubeMX.dir/Drivers/ssd1306/ssd1306.c.obj (cosf)
C:/ST/STM32CubeCLT_1.19.0/GNU-tools-for-STM32/bin/../lib/gcc/arm-none-eabi/13.3.1/../../../../arm-none-eabi/lib/thumb/v7e-m+fp/hard\libm.a(libm_a-sf_sin.o)
                              CMakeFiles/4100901-Room_Control-CubeMX.dir/Drivers/ssd1306/ssd1306.c.obj (sinf)
C:/ST/STM32CubeCLT_1.19.0/GNU-tools-for-STM32/bin/../lib/gcc/arm-none-eabi/13.3.1/../../../../arm-none-eabi/lib/thumb/v7e-m+fp/hard\libm.a(libm_a-kf_cos.o)
                              C:/ST/STM32CubeCLT_1.19.0/GNU-tools-for-STM32/bin/../lib/gcc/arm-none-eabi/13.3.1/../../../../arm-none-eabi/lib/thumb/v7e-m+fp/hard\libm.a(libm_a-sf_cos.o) (__kernel_cosf)
C:/ST/STM32CubeCLT_1.19.0/GNU-tools-for-STM32/bin/../lib/gcc/arm-none-eabi/13.3.1/../../../../arm-none-eabi/lib/thumb/v7e-m+fp/hard\libm.a(libm_a-kf_sin.o)
                              C:/ST/STM32CubeCLT_1.19.0/GNU-tools-for-STM32/bin/../lib/gcc/arm-none-eabi/13.3.1/../../../../arm-none-eabi/lib/thumb/v7e-m+fp/hard\libm.a(libm_a-sf_cos.o) (__kernel_sinf)
C:/ST/STM32CubeCLT_1.19.0/GNU-tools-for-STM32/bin/../lib/gcc/arm-none-eabi/13.3.1/../../../../arm-none-eabi/lib/thumb/v7e-m+fp/hard\libm.a(libm_a-ef_rem_pio2.o)
                              C:/ST/STM32CubeCLT_1.19.0/GNU-tools-for-STM32/bin/../lib/gcc/arm-none-eabi/13.3.1/../../../../arm-none-eabi/lib/thumb/v7e-m+fp/hard\libm.a(libm_a-sf_cos.o) (__ieee754_rem_pio2f)
C:/ST/STM32CubeCLT_1.19.0/GNU-tools-for-STM32/bin/../lib/gcc/arm-none-eabi/13.3.1/../../../../arm-none-eabi/lib/thumb/v7e-m+fp/hard\libm.a(libm_a-sf_fabs.o)
                              C:/ST/STM32CubeCLT_1.19.0/GNU-tools-for-STM32/bin/../lib/gcc/arm-none-eabi/13.3.1/../../../../arm-none-eabi/lib/thumb/v7e-m+fp/hard\libm.a(libm_a-ef_rem_pio2.o) (fabsf)
C:/ST/STM32CubeCLT_1.19.0/GNU-tools-for-STM32/bin/../lib/gcc/arm-none-eabi/13.3.1/../../../../arm-none-eabi/lib/thumb/v7e-m+fp/hard\libm.a(libm_a-kf_rem_pio2.o)
                              C:/ST/STM32CubeCLT_1.19.0/GNU-tools-for-STM32/bin/../lib/gcc/arm-none-eabi/13.3.1/../../../../arm-none-eabi/lib/thumb/v7e-m+fp/hard\libm.a(libm_a-ef_rem_pio2.o) (__kernel_rem_pio2f)
C:/ST/STM32CubeCLT_1.19.0/GNU-tools-for-STM32/bin/../lib/gcc/arm-none-eabi/13.3.1/../../../../arm-none-eabi/lib/thumb/v7e-m+fp/hard\libm.a(libm_a-sf_scalbn.o)
                              C:/ST/STM32CubeCLT_1.19.0/GNU-tools-for-STM32/bin/../lib/gcc/arm-none-eabi/13.3.1/../../../../arm-none-eabi/lib/thumb/v7e-m+fp/hard\libm.a(libm_a-kf_rem_pio2.o) (scalbnf)
C:/ST/STM32CubeCLT_1.19.0/GNU-tools-for-STM32/bin/../lib/gcc/arm-none-eabi/13.3.1/../../../../arm-none-eabi/lib/thumb/v7e-m+fp/hard\libm.a(libm_a-sf_floor.o)
                              C:/ST/STM32CubeCLT_1.19.0/GNU-tools-for-STM32/bin/../lib/gcc/arm-none-eabi/13.3.1/../../../../arm-none-eabi/lib/thumb/v7e-m+fp/hard\libm.a(libm_a-kf_rem_pio2.o) (floorf)
C:/ST/STM32CubeCLT_1.19.0/GNU-tools-for-STM32/bin/../lib/gcc/arm-none-eabi/13.3.1/thumb/v7e-m+fp/hard\libgcc.a(_aeabi_ldivmod.o)
                              cmake/stm32cubemx/CMakeFiles/STM32_Drivers.dir/7cc2bf78d381c51da830a55a79b40627/Src/stm32l4xx_hal_uart.c.obj (__aeabi_ldivmod)
C:/ST/STM32CubeCLT_1.19.0/GNU-tools-for-STM32/bin/../lib/gcc/arm-none-eabi/13.3.1/thumb/v7e-m+fp/hard\libgcc.a(_aeabi_uldivmod.o)
                              cmake/stm32cubemx/CMakeFiles/STM32_Drivers.dir/7cc2bf78d381c51da830a55a79b40627/Src/stm32l4xx_hal_uart.c.obj (__aeabi_uldivmod)
C:/ST/STM32CubeCLT_1.19.0/GNU-tools-for-STM32/bin/../lib/gcc/arm-none-eabi/13.3.1/thumb/v7e-m+fp/hard\libgcc.a(_udivmoddi4.o)
                              C:/ST/STM32CubeCLT_1.19.0/GNU-tools-for-STM32/bin/../lib/gcc/arm-none-eabi/13.3.1/thumb/v7e-m+fp/hard\libgcc.a(_aeabi_ldivmod.o) (__udivmoddi4)
C:/ST/STM32CubeCLT_1.19.0/GNU-tools-for-STM32/bin/../lib/gcc/arm-none-eabi/13.3.1/thumb/v7e-m+fp/hard\libgcc.a(_dvmd_tls.o)
                              C:/ST/STM32CubeCLT_1.19.0/GNU-tools-for-STM32/bin/../lib/gcc/arm-none-eabi/13.3.1/thumb/v7e-m+fp/hard\libgcc.a(_aeabi_ldivmod.o) (__aeabi_ldiv0)
C:/ST/STM32CubeCLT_1.19.0/GNU-tools-for-STM32/bin/../lib/gcc/arm-none-eabi/13.3.1/../../../../arm-none-eabi/lib/thumb/v7e-m+fp/hard\libg_nano.a(libc_a-exit.o)
                              C:/ST/STM32CubeCLT_1.19.0/GNU-tools-for-STM32/bin/../lib/gcc/arm-none-eabi/13.3.1/../../../../arm-none-eabi/lib/thumb/v7e-m+fp/hard/crt0.o (exit)
C:/ST/STM32CubeCLT_1.19.0/GNU-tools-for-STM32/bin/../lib/gcc/arm-none-eabi/13.3.1/../../../../arm-none-eabi/lib/thumb/v7e-m+fp/hard\libg_nano.a(libc_a-findfp.o)
[...]
Memory Configuration

Name             Origin             Length             Attributes
RAM              0x20000000         0x00018000         xrw
RAM2             0x10000000         0x00008000         xrw
FLASH            0x08000000         0x00100000         xr
*default*        0x00000000         0xffffffff

Linker script and memory map

LOAD C:/ST/STM32CubeCLT_1.19.0/GNU-tools-for-STM32/bin/../lib/gcc/arm-none-eabi/13.3.1/thumb/v7e-m+fp/hard/crti.o
LOAD C:/ST/STM32CubeCLT_1.19.0/GNU-tools-for-STM32/bin/../lib/gcc/arm-none-eabi/13.3.1/thumb/v7e-m+fp/hard/crtbegin.o
LOAD C:/ST/STM32CubeCLT_1.19.0/GNU-tools-for-STM32/bin/../lib/gcc/arm-none-eabi/13.3.1/../../../../arm-none-eabi/lib/thumb/v7e-m+fp/hard/crt0.o
LOAD cmake/stm32cubemx/CMakeFiles/STM32_Drivers.dir/__/__/Core/Src/system_stm32l4xx.c.obj
LOAD cmake/stm32cubemx/CMakeFiles/STM32_Drivers.dir/7cc2bf78d381c51da830a55a79b40627/Src/stm32l4xx_hal_i2c.c.obj
LOAD cmake/stm32cubemx/CMakeFiles/STM32_Drivers.dir/34ffa62f3cf58c1e1b0485243292b06d/stm32l4xx_hal_i2c_ex.c.obj
LOAD cmake/stm32cubemx/CMakeFiles/STM32_Drivers.dir/__/__/Drivers/STM32L4xx_HAL_Driver/Src/stm32l4xx_hal.c.obj
LOAD cmake/stm32cubemx/CMakeFiles/STM32_Drivers.dir/7cc2bf78d381c51da830a55a79b40627/Src/stm32l4xx_hal_rcc.c.obj
LOAD cmake/stm32cubemx/CMakeFiles/STM32_Drivers.dir/34ffa62f3cf58c1e1b0485243292b06d/stm32l4xx_hal_rcc_ex.c.obj
LOAD cmake/stm32cubemx/CMakeFiles/STM32_Drivers.dir/34ffa62f3cf58c1e1b0485243292b06d/stm32l4xx_hal_flash.c.obj
LOAD cmake/stm32cubemx/CMakeFiles/STM32_Drivers.dir/34ffa62f3cf58c1e1b0485243292b06d/stm32l4xx_hal_flash_ex.c.obj
LOAD cmake/stm32cubemx/CMakeFiles/STM32_Drivers.dir/34ffa62f3cf58c1e1b0485243292b06d/stm32l4xx_hal_flash_ramfunc.c.obj
LOAD cmake/stm32cubemx/CMakeFiles/STM32_Drivers.dir/7cc2bf78d381c51da830a55a79b40627/Src/stm32l4xx_hal_gpio.c.obj
LOAD cmake/stm32cubemx/CMakeFiles/STM32_Drivers.dir/7cc2bf78d381c51da830a55a79b40627/Src/stm32l4xx_hal_dma.c.obj
LOAD cmake/stm32cubemx/CMakeFiles/STM32_Drivers.dir/34ffa62f3cf58c1e1b0485243292b06d/stm32l4xx_hal_dma_ex.c.obj
LOAD cmake/stm32cubemx/CMakeFiles/STM32_Drivers.dir/7cc2bf78d381c51da830a55a79b40627/Src/stm32l4xx_hal_pwr.c.obj
LOAD cmake/stm32cubemx/CMakeFiles/STM32_Drivers.dir/34ffa62f3cf58c1e1b0485243292b06d/stm32l4xx_hal_pwr_ex.c.obj
LOAD cmake/stm32cubemx/CMakeFiles/STM32_Drivers.dir/34ffa62f3cf58c1e1b0485243292b06d/stm32l4xx_hal_cortex.c.obj
LOAD cmake/stm32cubemx/CMakeFiles/STM32_Drivers.dir/7cc2bf78d381c51da830a55a79b40627/Src/stm32l4xx_hal_exti.c.obj
LOAD cmake/stm32cubemx/CMakeFiles/STM32_Drivers.dir/7cc2bf78d381c51da830a55a79b40627/Src/stm32l4xx_hal_uart.c.obj
LOAD cmake/stm32cubemx/CMakeFiles/STM32_Drivers.dir/34ffa62f3cf58c1e1b0485243292b06d/stm32l4xx_hal_uart_ex.c.obj
LOAD CMakeFiles/4100901-Room_Control-CubeMX.dir/Core/Src/main.c.obj
LOAD CMakeFiles/4100901-Room_Control-CubeMX.dir/Core/Src/stm32l4xx_it.c.obj
LOAD CMakeFiles/4100901-Room_Control-CubeMX.dir/Core/Src/stm32l4xx_hal_msp.c.obj
LOAD CMakeFiles/4100901-Room_Control-CubeMX.dir/Core/Src/sysmem.c.obj
LOAD CMakeFiles/4100901-Room_Control-CubeMX.dir/Core/Src/syscalls.c.obj
LOAD CMakeFiles/4100901-Room_Control-CubeMX.dir/startup_stm32l476xx.s.obj
LOAD CMakeFiles/4100901-Room_Control-CubeMX.dir/core/Src/keypad_driver.c.obj
LOAD CMakeFiles/4100901-Room_Control-CubeMX.dir/Core/Src/led_driver.c.obj
LOAD CMakeFiles/4100901-Room_Control-CubeMX.dir/Core/Src/ring_buffer.c.obj
LOAD CMakeFiles/4100901-Room_Control-CubeMX.dir/Drivers/ssd1306/ssd1306.c.obj
LOAD CMakeFiles/4100901-Room_Control-CubeMX.dir/Drivers/ssd1306/ssd1306_fonts.c.obj
LOAD CMakeFiles/4100901-Room_Control-CubeMX.dir/Drivers/DHT11/mk_dht11.c.obj
LOAD C:/ST/STM32CubeCLT_1.19.0/GNU-tools-for-STM32/bin/../lib/gcc/arm-none-eabi/13.3.1/../../../../arm-none-eabi/lib/thumb/v7e-m+fp/hard\libm.a
START GROUP
LOAD C:/ST/STM32CubeCLT_1.19.0/GNU-tools-for-STM32/bin/../lib/gcc/arm-none-eabi/13.3.1/thumb/v7e-m+fp/hard\libgcc.a
LOAD C:/ST/STM32CubeCLT_1.19.0/GNU-tools-for-STM32/bin/../lib/gcc/arm-none-eabi/13.3.1/../../../../arm-none-eabi/lib/thumb/v7e-m+fp/hard\libg_nano.a
LOAD C:/ST/STM32CubeCLT_1.19.0/GNU-tools-for-STM32/bin/../lib/gcc/arm-none-eabi/13.3.1/../../../../arm-none-eabi/lib/thumb/v7e-m+fp/hard\libc_nano.a
END GROUP
START GROUP
LOAD C:/ST/STM32CubeCLT_1.19.0/GNU-tools-for-STM32/bin/../lib/gcc/arm-none-eabi/13.3.1/thumb/v7e-m+fp/hard\libgcc.a
LOAD C:/ST/STM32CubeCLT_1.19.0/GNU-tools-for-STM32/bin/../lib/gcc/arm-none-eabi/13.3.1/../../../../arm-none-eabi/lib/thumb/v7e-m+fp/hard\libc_nano.a
END GROUP
LOAD C:/ST/STM32CubeCLT_1.19.0/GNU-tools-for-STM32/bin/../lib/gcc/arm-none-eabi/13.3.1/thumb/v7e-m+fp/hard/crtend.o
LOAD C:/ST/STM32CubeCLT_1.19.0/GNU-tools-for-STM32/bin/../lib/gcc/arm-none-eabi/13.3.1/thumb/v7e-m+fp/hard/crtn.o
                0x20018000                        _estack = (ORIGIN (RAM) + LENGTH (RAM))
                0x00000200                        _Min_Heap_Size = 0x200
                0x00000400                        _Min_Stack_Size = 0x400

.isr_vector     0x08000000      0x188
                0x08000000                        . = ALIGN (0x8)
 *(.isr_vector)
 .isr_vector    0x08000000      0x188 CMakeFiles/4100901-Room_Control-CubeMX.dir/startup_stm32l476xx.s.obj
                0x08000000                g_pfnVectors
                0x08000188                        . = ALIGN (0x8)

.text           0x08000190     0x4a90
                0x08000190                        . = ALIGN (0x8)
 *(.text)
 .text          0x08000190       0x40 C:/ST/STM32CubeCLT_1.19.0/GNU-tools-for-STM32/bin/../lib/gcc/arm-none-eabi/13.3.1/thumb/v7e-m+fp/hard/crtbegin.o
 .text          0x080001d0       0x30 C:/ST/STM32CubeCLT_1.19.0/GNU-tools-for-STM32/bin/../lib/gcc/arm-none-eabi/13.3.1/thumb/v7e-m+fp/hard\libgcc.a(_aeabi_uldivmod.o)
                0x080001d0                __aeabi_uldivmod
 .text          0x08000200      0x2f8 C:/ST/STM32CubeCLT_1.19.0/GNU-tools-for-STM32/bin/../lib/gcc/arm-none-eabi/13.3.1/thumb/v7e-m+fp/hard\libgcc.a(_udivmoddi4.o)
                0x08000200                __udivmoddi4
 .text          0x080004f8        0x4 C:/ST/STM32CubeCLT_1.19.0/GNU-tools-for-STM32/bin/../lib/gcc/arm-none-eabi/13.3.1/thumb/v7e-m+fp/hard\libgcc.a(_dvmd_tls.o)
                0x080004f8                __aeabi_idiv0
                0x080004f8                __aeabi_ldiv0
 *fill*         0x080004fc        0x4 
 .text          0x08000500       0xa0 C:/ST/STM32CubeCLT_1.19.0/GNU-tools-for-STM32/bin/../lib/gcc/arm-none-eabi/13.3.1/../../../../arm-none-eabi/lib/thumb/v7e-m+fp/hard\libg_nano.a(libc_a-memchr.o)
                0x08000500                memchr
 *(.text*)
 .text.SystemInit
                0x080005a0       0x14 cmake/stm32cubemx/CMakeFiles/STM32_Drivers.dir/__/__/Core/Src/system_stm32l4xx.c.obj
                0x080005a0                SystemInit
 .text.I2C_WaitOnFlagUntilTimeout.constprop.0
                0x080005b4      0x140 cmake/stm32cubemx/CMakeFiles/STM32_Drivers.dir/7cc2bf78d381c51da830a55a79b40627/Src/stm32l4xx_hal_i2c.c.obj
 .text.I2C_WaitOnTXISFlagUntilTimeout
                0x080006f4      0x16c cmake/stm32cubemx/CMakeFiles/STM32_Drivers.dir/7cc2bf78d381c51da830a55a79b40627/Src/stm32l4xx_hal_i2c.c.obj
 .text.I2C_WaitOnFlagUntilTimeout
                0x08000860      0x17c cmake/stm32cubemx/CMakeFiles/STM32_Drivers.dir/7cc2bf78d381c51da830a55a79b40627/Src/stm32l4xx_hal_i2c.c.obj
 .text.I2C_WaitOnSTOPFlagUntilTimeout
                0x080009dc      0x160 cmake/stm32cubemx/CMakeFiles/STM32_Drivers.dir/7cc2bf78d381c51da830a55a79b40627/Src/stm32l4xx_hal_i2c.c.obj
 .text.HAL_I2C_Init
                0x08000b3c       0xb4 cmake/stm32cubemx/CMakeFiles/STM32_Drivers.dir/7cc2bf78d381c51da830a55a79b40627/Src/stm32l4xx_hal_i2c.c.obj
                0x08000b3c                HAL_I2C_Init
 .text.HAL_I2C_Mem_Write
                0x08000bf0      0x1f8 cmake/stm32cubemx/CMakeFiles/STM32_Drivers.dir/7cc2bf78d381c51da830a55a79b40627/Src/stm32l4xx_hal_i2c.c.obj
                0x08000bf0                HAL_I2C_Mem_Write
 .text.HAL_I2CEx_ConfigAnalogFilter
                0x08000de8       0x54 cmake/stm32cubemx/CMakeFiles/STM32_Drivers.dir/34ffa62f3cf58c1e1b0485243292b06d/stm32l4xx_hal_i2c_ex.c.obj
                0x08000de8                HAL_I2CEx_ConfigAnalogFilter
 .text.HAL_I2CEx_ConfigDigitalFilter
                0x08000e3c       0x58 cmake/stm32cubemx/CMakeFiles/STM32_Drivers.dir/34ffa62f3cf58c1e1b0485243292b06d/stm32l4xx_hal_i2c_ex.c.obj
                0x08000e3c                HAL_I2CEx_ConfigDigitalFilter
 .text.HAL_InitTick
                0x08000e94       0x4c cmake/stm32cubemx/CMakeFiles/STM32_Drivers.dir/__/__/Drivers/STM32L4xx_HAL_Driver/Src/stm32l4xx_hal.c.obj
                0x08000e94                HAL_InitTick
 .text.HAL_Init
                0x08000ee0       0x30 cmake/stm32cubemx/CMakeFiles/STM32_Drivers.dir/__/__/Drivers/STM32L4xx_HAL_Driver/Src/stm32l4xx_hal.c.obj
                0x08000ee0                HAL_Init
 .text.HAL_IncTick
                0x08000f10       0x18 cmake/stm32cubemx/CMakeFiles/STM32_Drivers.dir/__/__/Drivers/STM32L4xx_HAL_Driver/Src/stm32l4xx_hal.c.obj
                0x08000f10                HAL_IncTick
 .text.HAL_GetTick
                0x08000f28        0xc cmake/stm32cubemx/CMakeFiles/STM32_Drivers.dir/__/__/Drivers/STM32L4xx_HAL_Driver/Src/stm32l4xx_hal.c.obj
                0x08000f28                HAL_GetTick
 .text.HAL_Delay
                0x08000f34       0x24 cmake/stm32cubemx/CMakeFiles/STM32_Drivers.dir/__/__/Drivers/STM32L4xx_HAL_Driver/Src/stm32l4xx_hal.c.obj
                0x08000f34                HAL_Delay
 .text.RCC_SetFlashLatencyFromMSIRange
                0x08000f58       0x8c cmake/stm32cubemx/CMakeFiles/STM32_Drivers.dir/7cc2bf78d381c51da830a55a79b40627/Src/stm32l4xx_hal_rcc.c.obj
 .text.HAL_RCC_GetSysClockFreq
                0x08000fe4       0xa0 cmake/stm32cubemx/CMakeFiles/STM32_Drivers.dir/7cc2bf78d381c51da830a55a79b40627/Src/stm32l4xx_hal_rcc.c.obj
                0x08000fe4                HAL_RCC_GetSysClockFreq
 .text.HAL_RCC_OscConfig
                0x08001084      0x5d8 cmake/stm32cubemx/CMakeFiles/STM32_Drivers.dir/7cc2bf78d381c51da830a55a79b40627/Src/stm32l4xx_hal_rcc.c.obj
                0x08001084                HAL_RCC_OscConfig
 .text.HAL_RCC_ClockConfig
                0x0800165c      0x16c cmake/stm32cubemx/CMakeFiles/STM32_Drivers.dir/7cc2bf78d381c51da830a55a79b40627/Src/stm32l4xx_hal_rcc.c.obj
                0x0800165c                HAL_RCC_ClockConfig
 .text.HAL_RCC_GetPCLK1Freq
                0x080017c8       0x24 cmake/stm32cubemx/CMakeFiles/STM32_Drivers.dir/7cc2bf78d381c51da830a55a79b40627/Src/stm32l4xx_hal_rcc.c.obj
                0x080017c8                HAL_RCC_GetPCLK1Freq
 .text.HAL_RCC_GetPCLK2Freq
                0x080017ec       0x24 cmake/stm32cubemx/CMakeFiles/STM32_Drivers.dir/7cc2bf78d381c51da830a55a79b40627/Src/stm32l4xx_hal_rcc.c.obj
                0x080017ec                HAL_RCC_GetPCLK2Freq
 .text.RCCEx_PLLSAI1_Config
                0x08001810      0x11c cmake/stm32cubemx/CMakeFiles/STM32_Drivers.dir/34ffa62f3cf58c1e1b0485243292b06d/stm32l4xx_hal_rcc_ex.c.obj
 .text.RCCEx_PLLSAI2_Config
                0x0800192c      0x100 cmake/stm32cubemx/CMakeFiles/STM32_Drivers.dir/34ffa62f3cf58c1e1b0485243292b06d/stm32l4xx_hal_rcc_ex.c.obj
 .text.HAL_RCCEx_PeriphCLKConfig
                0x08001a2c      0x41c cmake/stm32cubemx/CMakeFiles/STM32_Drivers.dir/34ffa62f3cf58c1e1b0485243292b06d/stm32l4xx_hal_rcc_ex.c.obj
                0x08001a2c                HAL_RCCEx_PeriphCLKConfig
 .text.HAL_GPIO_Init
                0x08001e48      0x3d8 cmake/stm32cubemx/CMakeFiles/STM32_Drivers.dir/7cc2bf78d381c51da830a55a79b40627/Src/stm32l4xx_hal_gpio.c.obj
                0x08001e48                HAL_GPIO_Init
 .text.HAL_GPIO_ReadPin
                0x08002220        0xc cmake/stm32cubemx/CMakeFiles/STM32_Drivers.dir/7cc2bf78d381c51da830a55a79b40627/Src/stm32l4xx_hal_gpio.c.obj
                0x08002220                HAL_GPIO_ReadPin
 .text.HAL_GPIO_WritePin
                0x0800222c        0xc cmake/stm32cubemx/CMakeFiles/STM32_Drivers.dir/7cc2bf78d381c51da830a55a79b40627/Src/stm32l4xx_hal_gpio.c.obj
                0x0800222c                HAL_GPIO_WritePin
 .text.HAL_GPIO_EXTI_IRQHandler
                0x08002238       0x18 cmake/stm32cubemx/CMakeFiles/STM32_Drivers.dir/7cc2bf78d381c51da830a55a79b40627/Src/stm32l4xx_hal_gpio.c.obj
                0x08002238                HAL_GPIO_EXTI_IRQHandler
 .text.HAL_DMA_Abort
                0x08002250       0x4c cmake/stm32cubemx/CMakeFiles/STM32_Drivers.dir/7cc2bf78d381c51da830a55a79b40627/Src/stm32l4xx_hal_dma.c.obj
                0x08002250                HAL_DMA_Abort
 .text.HAL_DMA_Abort_IT
                0x0800229c       0x48 cmake/stm32cubemx/CMakeFiles/STM32_Drivers.dir/7cc2bf78d381c51da830a55a79b40627/Src/stm32l4xx_hal_dma.c.obj
                0x0800229c                HAL_DMA_Abort_IT
 .text.HAL_PWREx_GetVoltageRange
                0x080022e4       0x10 cmake/stm32cubemx/CMakeFiles/STM32_Drivers.dir/34ffa62f3cf58c1e1b0485243292b06d/stm32l4xx_hal_pwr_ex.c.obj
                0x080022e4                HAL_PWREx_GetVoltageRange
 .text.HAL_PWREx_ControlVoltageScaling
                0x080022f4       0x80 cmake/stm32cubemx/CMakeFiles/STM32_Drivers.dir/34ffa62f3cf58c1e1b0485243292b06d/stm32l4xx_hal_pwr_ex.c.obj
                0x080022f4                HAL_PWREx_ControlVoltageScaling
 .text.HAL_NVIC_SetPriorityGrouping
                0x08002374       0x24 cmake/stm32cubemx/CMakeFiles/STM32_Drivers.dir/34ffa62f3cf58c1e1b0485243292b06d/stm32l4xx_hal_cortex.c.obj
                0x08002374                HAL_NVIC_SetPriorityGrouping
 .text.HAL_NVIC_SetPriority
                0x08002398       0x78 cmake/stm32cubemx/CMakeFiles/STM32_Drivers.dir/34ffa62f3cf58c1e1b0485243292b06d/stm32l4xx_hal_cortex.c.obj
                0x08002398                HAL_NVIC_SetPriority
 .text.HAL_NVIC_EnableIRQ
                0x08002410       0x1c cmake/stm32cubemx/CMakeFiles/STM32_Drivers.dir/34ffa62f3cf58c1e1b0485243292b06d/stm32l4xx_hal_cortex.c.obj
                0x08002410                HAL_NVIC_EnableIRQ
 .text.HAL_SYSTICK_Config
                0x0800242c       0x34 cmake/stm32cubemx/CMakeFiles/STM32_Drivers.dir/34ffa62f3cf58c1e1b0485243292b06d/stm32l4xx_hal_cortex.c.obj
                0x0800242c                HAL_SYSTICK_Config
 .text.HAL_UART_Transmit
                0x08002460      0x114 cmake/stm32cubemx/CMakeFiles/STM32_Drivers.dir/7cc2bf78d381c51da830a55a79b40627/Src/stm32l4xx_hal_uart.c.obj
                0x08002460                HAL_UART_Transmit
 .text.HAL_UART_TxCpltCallback
                0x08002574        0x4 cmake/stm32cubemx/CMakeFiles/STM32_Drivers.dir/7cc2bf78d381c51da830a55a79b40627/Src/stm32l4xx_hal_uart.c.obj
                0x08002574                HAL_UART_TxCpltCallback
 .text.HAL_UART_ErrorCallback
                0x08002578        0x4 cmake/stm32cubemx/CMakeFiles/STM32_Drivers.dir/7cc2bf78d381c51da830a55a79b40627/Src/stm32l4xx_hal_uart.c.obj
                0x08002578                HAL_UART_ErrorCallback
 .text.UART_DMAAbortOnError
                0x0800257c       0x14 cmake/stm32cubemx/CMakeFiles/STM32_Drivers.dir/7cc2bf78d381c51da830a55a79b40627/Src/stm32l4xx_hal_uart.c.obj
 .text.HAL_UARTEx_RxEventCallback
                0x08002590        0x4 cmake/stm32cubemx/CMakeFiles/STM32_Drivers.dir/7cc2bf78d381c51da830a55a79b40627/Src/stm32l4xx_hal_uart.c.obj
                0x08002590                HAL_UARTEx_RxEventCallback
 .text.HAL_UART_IRQHandler
                0x08002594      0x370 cmake/stm32cubemx/CMakeFiles/STM32_Drivers.dir/7cc2bf78d381c51da830a55a79b40627/Src/stm32l4xx_hal_uart.c.obj
                0x08002594                HAL_UART_IRQHandler
 .text.UART_SetConfig
                0x08002904      0x238 cmake/stm32cubemx/CMakeFiles/STM32_Drivers.dir/7cc2bf78d381c51da830a55a79b40627/Src/stm32l4xx_hal_uart.c.obj
                0x08002904                UART_SetConfig
 .text.UART_AdvFeatureConfig
                0x08002b3c       0xb0 cmake/stm32cubemx/CMakeFiles/STM32_Drivers.dir/7cc2bf78d381c51da830a55a79b40627/Src/stm32l4xx_hal_uart.c.obj
                0x08002b3c                UART_AdvFeatureConfig
 .text.UART_CheckIdleState
                0x08002bec      0x250 cmake/stm32cubemx/CMakeFiles/STM32_Drivers.dir/7cc2bf78d381c51da830a55a79b40627/Src/stm32l4xx_hal_uart.c.obj
                0x08002bec                UART_CheckIdleState
 .text.HAL_UART_Init
                0x08002e3c       0x64 cmake/stm32cubemx/CMakeFiles/STM32_Drivers.dir/7cc2bf78d381c51da830a55a79b40627/Src/stm32l4xx_hal_uart.c.obj
                0x08002e3c                HAL_UART_Init
 .text.HAL_UARTEx_WakeupCallback
                0x08002ea0        0x4 cmake/stm32cubemx/CMakeFiles/STM32_Drivers.dir/34ffa62f3cf58c1e1b0485243292b06d/stm32l4xx_hal_uart_ex.c.obj
                0x08002ea0                HAL_UARTEx_WakeupCallback
 .text.HAL_GPIO_EXTI_Callback
                0x08002ea4       0x24 CMakeFiles/4100901-Room_Control-CubeMX.dir/Core/Src/main.c.obj
                0x08002ea4                HAL_GPIO_EXTI_Callback
 .text.process_key
                0x08002ec8       0xf8 CMakeFiles/4100901-Room_Control-CubeMX.dir/Core/Src/main.c.obj
                0x08002ec8                process_key
 .text.SystemClock_Config
                0x08002fc0       0x88 CMakeFiles/4100901-Room_Control-CubeMX.dir/Core/Src/main.c.obj
                0x08002fc0                SystemClock_Config
 .text.startup.main
                0x08003048      0x264 CMakeFiles/4100901-Room_Control-CubeMX.dir/Core/Src/main.c.obj
                0x08003048                main
 .text._write   0x080032ac       0x18 CMakeFiles/4100901-Room_Control-CubeMX.dir/Core/Src/main.c.obj
                0x080032ac                _write
 .text.Error_Handler
                0x080032c4        0x4 CMakeFiles/4100901-Room_Control-CubeMX.dir/Core/Src/main.c.obj
                0x080032c4                Error_Handler
 .text.NMI_Handler
                0x080032c8        0x4 CMakeFiles/4100901-Room_Control-CubeMX.dir/Core/Src/stm32l4xx_it.c.obj
                0x080032c8                NMI_Handler
 .text.HardFault_Handler
                0x080032cc        0x4 CMakeFiles/4100901-Room_Control-CubeMX.dir/Core/Src/stm32l4xx_it.c.obj
                0x080032cc                HardFault_Handler
 .text.MemManage_Handler
                0x080032d0        0x4 CMakeFiles/4100901-Room_Control-CubeMX.dir/Core/Src/stm32l4xx_it.c.obj
                0x080032d0                MemManage_Handler
 .text.BusFault_Handler
                0x080032d4        0x4 CMakeFiles/4100901-Room_Control-CubeMX.dir/Core/Src/stm32l4xx_it.c.obj
                0x080032d4                BusFault_Handler
 .text.UsageFault_Handler
                0x080032d8        0x4 CMakeFiles/4100901-Room_Control-CubeMX.dir/Core/Src/stm32l4xx_it.c.obj
                0x080032d8                UsageFault_Handler
 .text.SVC_Handler
                0x080032dc        0x4 CMakeFiles/4100901-Room_Control-CubeMX.dir/Core/Src/stm32l4xx_it.c.obj
                0x080032dc                SVC_Handler
 .text.DebugMon_Handler
                0x080032e0        0x4 CMakeFiles/4100901-Room_Control-CubeMX.dir/Core/Src/stm32l4xx_it.c.obj
                0x080032e0                DebugMon_Handler
 .text.PendSV_Handler
                0x080032e4        0x4 CMakeFiles/4100901-Room_Control-CubeMX.dir/Core/Src/stm32l4xx_it.c.obj
                0x080032e4                PendSV_Handler
 .text.SysTick_Handler
                0x080032e8        0x4 CMakeFiles/4100901-Room_Control-CubeMX.dir/Core/Src/stm32l4xx_it.c.obj
                0x080032e8                SysTick_Handler
 .text.EXTI9_5_IRQHandler
                0x080032ec       0x1c CMakeFiles/4100901-Room_Control-CubeMX.dir/Core/Src/stm32l4xx_it.c.obj
                0x080032ec                EXTI9_5_IRQHandler
 .text.USART2_IRQHandler
                0x08003308        0xc CMakeFiles/4100901-Room_Control-CubeMX.dir/Core/Src/stm32l4xx_it.c.obj
                0x08003308                USART2_IRQHandler
 .text.EXTI15_10_IRQHandler
                0x08003314       0x18 CMakeFiles/4100901-Room_Control-CubeMX.dir/Core/Src/stm32l4xx_it.c.obj
                0x08003314                EXTI15_10_IRQHandler
 .text.HAL_MspInit
                0x0800332c       0x30 CMakeFiles/4100901-Room_Control-CubeMX.dir/Core/Src/stm32l4xx_hal_msp.c.obj
                0x0800332c                HAL_MspInit
 *fill*         0x0800335c        0x4 
 .text.HAL_I2C_MspInit
                0x08003360       0x94 CMakeFiles/4100901-Room_Control-CubeMX.dir/Core/Src/stm32l4xx_hal_msp.c.obj
                0x08003360                HAL_I2C_MspInit
 *fill*         0x080033f4        0x4 
 .text.HAL_UART_MspInit
                0x080033f8       0xa8 CMakeFiles/4100901-Room_Control-CubeMX.dir/Core/Src/stm32l4xx_hal_msp.c.obj
                0x080033f8                HAL_UART_MspInit
 .text._sbrk    0x080034a0       0x44 CMakeFiles/4100901-Room_Control-CubeMX.dir/Core/Src/sysmem.c.obj
                0x080034a0                _sbrk
 .text._read    0x080034e4       0x1c CMakeFiles/4100901-Room_Control-CubeMX.dir/Core/Src/syscalls.c.obj
                0x080034e4                _read
 .text._close   0x08003500        0x8 CMakeFiles/4100901-Room_Control-CubeMX.dir/Core/Src/syscalls.c.obj
                0x08003500                _close
 .text._fstat   0x08003508        0xc CMakeFiles/4100901-Room_Control-CubeMX.dir/Core/Src/syscalls.c.obj
                0x08003508                _fstat
 .text._isatty  0x08003514        0x4 CMakeFiles/4100901-Room_Control-CubeMX.dir/Core/Src/syscalls.c.obj
                0x08003514                _isatty
 .text._lseek   0x08003518        0x4 CMakeFiles/4100901-Room_Control-CubeMX.dir/Core/Src/syscalls.c.obj
                0x08003518                _lseek
 .text.Reset_Handler
                0x0800351c       0x50 CMakeFiles/4100901-Room_Control-CubeMX.dir/startup_stm32l476xx.s.obj
                0x0800351c                Reset_Handler
 .text.Default_Handler
                0x0800356c        0x2 CMakeFiles/4100901-Room_Control-CubeMX.dir/startup_stm32l476xx.s.obj
                0x0800356c                RTC_Alarm_IRQHandler
                0x0800356c                EXTI2_IRQHandler
                0x0800356c                TIM8_TRG_COM_IRQHandler
                0x0800356c                TIM8_CC_IRQHandler
                0x0800356c                TIM1_CC_IRQHandler
                0x0800356c                TSC_IRQHandler
                0x0800356c                TAMP_STAMP_IRQHandler
                0x0800356c                EXTI3_IRQHandler
                0x0800356c                LPTIM2_IRQHandler
                0x0800356c                DFSDM1_FLT1_IRQHandler
                0x0800356c                I2C3_ER_IRQHandler
                0x0800356c                DFSDM1_FLT2_IRQHandler
                0x0800356c                EXTI0_IRQHandler
                0x0800356c                I2C2_EV_IRQHandler
                0x0800356c                CAN1_RX0_IRQHandler
                0x0800356c                FPU_IRQHandler
                0x0800356c                TIM1_UP_TIM16_IRQHandler
                0x0800356c                ADC1_2_IRQHandler
                0x0800356c                SPI1_IRQHandler
                0x0800356c                TIM6_DAC_IRQHandler
                0x0800356c                TIM8_UP_IRQHandler
                0x0800356c                DMA2_Channel2_IRQHandler
                0x0800356c                DMA1_Channel4_IRQHandler
                0x0800356c                SAI2_IRQHandler
                0x0800356c                DFSDM1_FLT3_IRQHandler
                0x0800356c                USART3_IRQHandler
                0x0800356c                DMA1_Channel7_IRQHandler
                0x0800356c                CAN1_RX1_IRQHandler
                0x0800356c                LCD_IRQHandler
                0x0800356c                UART5_IRQHandler
                0x0800356c                ADC3_IRQHandler
                0x0800356c                TIM4_IRQHandler
                0x0800356c                DMA2_Channel1_IRQHandler
                0x0800356c                QUADSPI_IRQHandler
                0x0800356c                I2C1_EV_IRQHandler
                0x0800356c                DMA1_Channel6_IRQHandler
                0x0800356c                UART4_IRQHandler
                0x0800356c                DMA2_Channel4_IRQHandler
                0x0800356c                TIM3_IRQHandler
                0x0800356c                RCC_IRQHandler
                0x0800356c                DMA1_Channel1_IRQHandler
                0x0800356c                Default_Handler
                0x0800356c                DMA2_Channel7_IRQHandler
                0x0800356c                TIM7_IRQHandler
                0x0800356c                SDMMC1_IRQHandler
                0x0800356c                TIM5_IRQHandler
                0x0800356c                I2C3_EV_IRQHandler
                0x0800356c                RTC_WKUP_IRQHandler
                0x0800356c                PVD_PVM_IRQHandler
                0x0800356c                SPI2_IRQHandler
                0x0800356c                CAN1_TX_IRQHandler
                0x0800356c                DMA2_Channel5_IRQHandler
                0x0800356c                DMA1_Channel5_IRQHandler
                0x0800356c                EXTI4_IRQHandler
                0x0800356c                RNG_IRQHandler
                0x0800356c                TIM1_TRG_COM_TIM17_IRQHandler
                0x0800356c                DMA1_Channel3_IRQHandler
                0x0800356c                COMP_IRQHandler
                0x0800356c                WWDG_IRQHandler
                0x0800356c                LPUART1_IRQHandler
                0x0800356c                DMA2_Channel6_IRQHandler
                0x0800356c                TIM2_IRQHandler
                0x0800356c                EXTI1_IRQHandler
                0x0800356c                DFSDM1_FLT0_IRQHandler
                0x0800356c                I2C2_ER_IRQHandler
                0x0800356c                DMA1_Channel2_IRQHandler
                0x0800356c                TIM8_BRK_IRQHandler
                0x0800356c                CAN1_SCE_IRQHandler
                0x0800356c                FLASH_IRQHandler
                0x0800356c                USART1_IRQHandler
                0x0800356c                OTG_FS_IRQHandler
                0x0800356c                SPI3_IRQHandler
                0x0800356c                I2C1_ER_IRQHandler
                0x0800356c                FMC_IRQHandler
                0x0800356c                SWPMI1_IRQHandler
                0x0800356c                LPTIM1_IRQHandler
                0x0800356c                SAI1_IRQHandler
                0x0800356c                DMA2_Channel3_IRQHandler
                0x0800356c                TIM1_BRK_TIM15_IRQHandler
 *fill*         0x0800356e        0x2 
 .text.keypad_init
                0x08003570       0x20 CMakeFiles/4100901-Room_Control-CubeMX.dir/core/Src/keypad_driver.c.obj
                0x08003570                keypad_init
 .text.keypad_scan
                0x08003590      0x108 CMakeFiles/4100901-Room_Control-CubeMX.dir/core/Src/keypad_driver.c.obj
                0x08003590                keypad_scan
 .text.led_init
                0x08003698        0xc CMakeFiles/4100901-Room_Control-CubeMX.dir/Core/Src/led_driver.c.obj
                0x08003698                led_init
 .text.led_on   0x080036a4        0xc CMakeFiles/4100901-Room_Control-CubeMX.dir/Core/Src/led_driver.c.obj
                0x080036a4                led_on
 .text.led_off  0x080036b0        0xc CMakeFiles/4100901-Room_Control-CubeMX.dir/Core/Src/led_driver.c.obj
                0x080036b0                led_off
 .text.ring_buffer_init
                0x080036bc        0xc CMakeFiles/4100901-Room_Control-CubeMX.dir/Core/Src/ring_buffer.c.obj
                0x080036bc                ring_buffer_init
 .text.ring_buffer_write
                0x080036c8       0x44 CMakeFiles/4100901-Room_Control-CubeMX.dir/Core/Src/ring_buffer.c.obj
                0x080036c8                ring_buffer_write
 .text.ring_buffer_read
                0x0800370c       0x30 CMakeFiles/4100901-Room_Control-CubeMX.dir/Core/Src/ring_buffer.c.obj
                0x0800370c                ring_buffer_read
 .text.ssd1306_Fill
                0x0800373c       0x18 CMakeFiles/4100901-Room_Control-CubeMX.dir/Drivers/ssd1306/ssd1306.c.obj
                0x0800373c                ssd1306_Fill
 .text.ssd1306_UpdateScreen
                0x08003754       0x98 CMakeFiles/4100901-Room_Control-CubeMX.dir/Drivers/ssd1306/ssd1306.c.obj
                0x08003754                ssd1306_UpdateScreen
 .text.ssd1306_Init
                0x080037ec      0x320 CMakeFiles/4100901-Room_Control-CubeMX.dir/Drivers/ssd1306/ssd1306.c.obj
                0x080037ec                ssd1306_Init
 .text.ssd1306_WriteChar
                0x08003b0c      0x198 CMakeFiles/4100901-Room_Control-CubeMX.dir/Drivers/ssd1306/ssd1306.c.obj
                0x08003b0c                ssd1306_WriteChar
 .text.ssd1306_WriteString
                0x08003ca4       0x3c CMakeFiles/4100901-Room_Control-CubeMX.dir/Drivers/ssd1306/ssd1306.c.obj
                0x08003ca4                ssd1306_WriteString
 .text.ssd1306_SetCursor
                0x08003ce0        0xc CMakeFiles/4100901-Room_Control-CubeMX.dir/Drivers/ssd1306/ssd1306.c.obj
                0x08003ce0                ssd1306_SetCursor
 .text.std      0x08003cec       0x6c C:/ST/STM32CubeCLT_1.19.0/GNU-tools-for-STM32/bin/../lib/gcc/arm-none-eabi/13.3.1/../../../../arm-none-eabi/lib/thumb/v7e-m+fp/hard\libg_nano.a(libc_a-findfp.o)
 .text.stdio_exit_handler
                0x08003d58       0x18 C:/ST/STM32CubeCLT_1.19.0/GNU-tools-for-STM32/bin/../lib/gcc/arm-none-eabi/13.3.1/../../../../arm-none-eabi/lib/thumb/v7e-m+fp/hard\libg_nano.a(libc_a-findfp.o)
 .text.cleanup_stdio
                0x08003d70       0x40 C:/ST/STM32CubeCLT_1.19.0/GNU-tools-for-STM32/bin/../lib/gcc/arm-none-eabi/13.3.1/../../../../arm-none-eabi/lib/thumb/v7e-m+fp/hard\libg_nano.a(libc_a-findfp.o)
 .text.global_stdio_init.part.0
                0x08003db0       0x3c C:/ST/STM32CubeCLT_1.19.0/GNU-tools-for-STM32/bin/../lib/gcc/arm-none-eabi/13.3.1/../../../../arm-none-eabi/lib/thumb/v7e-m+fp/hard\libg_nano.a(libc_a-findfp.o)
 .text.__sfp_lock_acquire
                0x08003dec        0xc C:/ST/STM32CubeCLT_1.19.0/GNU-tools-for-STM32/bin/../lib/gcc/arm-none-eabi/13.3.1/../../../../arm-none-eabi/lib/thumb/v7e-m+fp/hard\libg_nano.a(libc_a-findfp.o)
                0x08003dec                __sfp_lock_acquire
 .text.__sfp_lock_release
                0x08003df8        0xc C:/ST/STM32CubeCLT_1.19.0/GNU-tools-for-STM32/bin/../lib/gcc/arm-none-eabi/13.3.1/../../../../arm-none-eabi/lib/thumb/v7e-m+fp/hard\libg_nano.a(libc_a-findfp.o)
                0x08003df8                __sfp_lock_release
 .text.__sinit  0x08003e04       0x30 C:/ST/STM32CubeCLT_1.19.0/GNU-tools-for-STM32/bin/../lib/gcc/arm-none-eabi/13.3.1/../../../../arm-none-eabi/lib/thumb/v7e-m+fp/hard\libg_nano.a(libc_a-findfp.o)
                0x08003e04                __sinit
 .text._fwalk_sglue
                0x08003e34       0x3c C:/ST/STM32CubeCLT_1.19.0/GNU-tools-for-STM32/bin/../lib/gcc/arm-none-eabi/13.3.1/../../../../arm-none-eabi/lib/thumb/v7e-m+fp/hard\libg_nano.a(libc_a-fwalk.o)
                0x08003e34                _fwalk_sglue
 .text.printf   0x08003e70       0x24 C:/ST/STM32CubeCLT_1.19.0/GNU-tools-for-STM32/bin/../lib/gcc/arm-none-eabi/13.3.1/../../../../arm-none-eabi/lib/thumb/v7e-m+fp/hard\libg_nano.a(libc_a-printf.o)
                0x08003e70                iprintf
                0x08003e70                printf
 .text._puts_r  0x08003e94       0xaa C:/ST/STM32CubeCLT_1.19.0/GNU-tools-for-STM32/bin/../lib/gcc/arm-none-eabi/13.3.1/../../../../arm-none-eabi/lib/thumb/v7e-m+fp/hard\libg_nano.a(libc_a-puts.o)
                0x08003e94                _puts_r
 *fill*         0x08003f3e        0x2 
 .text.puts     0x08003f40       0x10 C:/ST/STM32CubeCLT_1.19.0/GNU-tools-for-STM32/bin/../lib/gcc/arm-none-eabi/13.3.1/../../../../arm-none-eabi/lib/thumb/v7e-m+fp/hard\libg_nano.a(libc_a-puts.o)
                0x08003f40                puts
 .text.__sread  0x08003f50       0x22 C:/ST/STM32CubeCLT_1.19.0/GNU-tools-for-STM32/bin/../lib/gcc/arm-none-eabi/13.3.1/../../../../arm-none-eabi/lib/thumb/v7e-m+fp/hard\libg_nano.a(libc_a-stdio.o)
                0x08003f50                __sread
 .text.__swrite
                0x08003f72       0x38 C:/ST/STM32CubeCLT_1.19.0/GNU-tools-for-STM32/bin/../lib/gcc/arm-none-eabi/13.3.1/../../../../arm-none-eabi/lib/thumb/v7e-m+fp/hard\libg_nano.a(libc_a-stdio.o)
                0x08003f72                __swrite
 .text.__sseek  0x08003faa       0x24 C:/ST/STM32CubeCLT_1.19.0/GNU-tools-for-STM32/bin/../lib/gcc/arm-none-eabi/13.3.1/../../../../arm-none-eabi/lib/thumb/v7e-m+fp/hard\libg_nano.a(libc_a-stdio.o)
                0x08003faa                __sseek
 .text.__sclose
                0x08003fce        0x8 C:/ST/STM32CubeCLT_1.19.0/GNU-tools-for-STM32/bin/../lib/gcc/arm-none-eabi/13.3.1/../../../../arm-none-eabi/lib/thumb/v7e-m+fp/hard\libg_nano.a(libc_a-stdio.o)
                0x08003fce                __sclose
 .text.__swbuf_r
                0x08003fd6       0x7c C:/ST/STM32CubeCLT_1.19.0/GNU-tools-for-STM32/bin/../lib/gcc/arm-none-eabi/13.3.1/../../../../arm-none-eabi/lib/thumb/v7e-m+fp/hard\libg_nano.a(libc_a-wbuf.o)
                0x08003fd6                __swbuf_r
 *fill*         0x08004052        0x2 
 .text.__swsetup_r
                0x08004054       0xac C:/ST/STM32CubeCLT_1.19.0/GNU-tools-for-STM32/bin/../lib/gcc/arm-none-eabi/13.3.1/../../../../arm-none-eabi/lib/thumb/v7e-m+fp/hard\libg_nano.a(libc_a-wsetup.o)
                0x08004054                __swsetup_r
 .text.memset   0x08004100       0x10 C:/ST/STM32CubeCLT_1.19.0/GNU-tools-for-STM32/bin/../lib/gcc/arm-none-eabi/13.3.1/../../../../arm-none-eabi/lib/thumb/v7e-m+fp/hard\libg_nano.a(libc_a-memset.o)
                0x08004100                memset
 .text._close_r
                0x08004110       0x20 C:/ST/STM32CubeCLT_1.19.0/GNU-tools-for-STM32/bin/../lib/gcc/arm-none-eabi/13.3.1/../../../../arm-none-eabi/lib/thumb/v7e-m+fp/hard\libg_nano.a(libc_a-closer.o)
                0x08004110                _close_r
 .text._lseek_r
                0x08004130       0x24 C:/ST/STM32CubeCLT_1.19.0/GNU-tools-for-STM32/bin/../lib/gcc/arm-none-eabi/13.3.1/../../../../arm-none-eabi/lib/thumb/v7e-m+fp/hard\libg_nano.a(libc_a-lseekr.o)
                0x08004130                _lseek_r
 .text._read_r  0x08004154       0x24 C:/ST/STM32CubeCLT_1.19.0/GNU-tools-for-STM32/bin/../lib/gcc/arm-none-eabi/13.3.1/../../../../arm-none-eabi/lib/thumb/v7e-m+fp/hard\libg_nano.a(libc_a-readr.o)
                0x08004154                _read_r
 .text._write_r
                0x08004178       0x24 C:/ST/STM32CubeCLT_1.19.0/GNU-tools-for-STM32/bin/../lib/gcc/arm-none-eabi/13.3.1/../../../../arm-none-eabi/lib/thumb/v7e-m+fp/hard\libg_nano.a(libc_a-writer.o)
                0x08004178                _write_r
 .text.__errno  0x0800419c        0xc C:/ST/STM32CubeCLT_1.19.0/GNU-tools-for-STM32/bin/../lib/gcc/arm-none-eabi/13.3.1/../../../../arm-none-eabi/lib/thumb/v7e-m+fp/hard\libg_nano.a(libc_a-errno.o)
                0x0800419c                __errno
 .text.__libc_init_array
                0x080041a8       0x48 C:/ST/STM32CubeCLT_1.19.0/GNU-tools-for-STM32/bin/../lib/gcc/arm-none-eabi/13.3.1/../../../../arm-none-eabi/lib/thumb/v7e-m+fp/hard\libg_nano.a(libc_a-init.o)
                0x080041a8                __libc_init_array
 .text.__retarget_lock_init_recursive
                0x080041f0        0x2 C:/ST/STM32CubeCLT_1.19.0/GNU-tools-for-STM32/bin/../lib/gcc/arm-none-eabi/13.3.1/../../../../arm-none-eabi/lib/thumb/v7e-m+fp/hard\libg_nano.a(libc_a-lock.o)
                0x080041f0                __retarget_lock_init_recursive
 .text.__retarget_lock_acquire_recursive
                0x080041f2        0x2 C:/ST/STM32CubeCLT_1.19.0/GNU-tools-for-STM32/bin/../lib/gcc/arm-none-eabi/13.3.1/../../../../arm-none-eabi/lib/thumb/v7e-m+fp/hard\libg_nano.a(libc_a-lock.o)
                0x080041f2                __retarget_lock_acquire_recursive
 .text.__retarget_lock_release_recursive
                0x080041f4        0x2 C:/ST/STM32CubeCLT_1.19.0/GNU-tools-for-STM32/bin/../lib/gcc/arm-none-eabi/13.3.1/../../../../arm-none-eabi/lib/thumb/v7e-m+fp/hard\libg_nano.a(libc_a-lock.o)
                0x080041f4                __retarget_lock_release_recursive
 *fill*         0x080041f6        0x2 
 .text._free_r  0x080041f8       0x94 C:/ST/STM32CubeCLT_1.19.0/GNU-tools-for-STM32/bin/../lib/gcc/arm-none-eabi/13.3.1/../../../../arm-none-eabi/lib/thumb/v7e-m+fp/hard\libg_nano.a(libc_a-freer.o)
                0x080041f8                _free_r
 .text.sbrk_aligned
                0x0800428c       0x44 C:/ST/STM32CubeCLT_1.19.0/GNU-tools-for-STM32/bin/../lib/gcc/arm-none-eabi/13.3.1/../../../../arm-none-eabi/lib/thumb/v7e-m+fp/hard\libg_nano.a(libc_a-mallocr.o)
 .text._malloc_r
                0x080042d0      0x100 C:/ST/STM32CubeCLT_1.19.0/GNU-tools-for-STM32/bin/../lib/gcc/arm-none-eabi/13.3.1/../../../../arm-none-eabi/lib/thumb/v7e-m+fp/hard\libg_nano.a(libc_a-mallocr.o)
                0x080042d0                _malloc_r
 .text.__malloc_lock
                0x080043d0        0xc C:/ST/STM32CubeCLT_1.19.0/GNU-tools-for-STM32/bin/../lib/gcc/arm-none-eabi/13.3.1/../../../../arm-none-eabi/lib/thumb/v7e-m+fp/hard\libg_nano.a(libc_a-mlock.o)
                0x080043d0                __malloc_lock
 .text.__malloc_unlock
                0x080043dc        0xc C:/ST/STM32CubeCLT_1.19.0/GNU-tools-for-STM32/bin/../lib/gcc/arm-none-eabi/13.3.1/../../../../arm-none-eabi/lib/thumb/v7e-m+fp/hard\libg_nano.a(libc_a-mlock.o)
                0x080043dc                __malloc_unlock
 .text.__sfputc_r
                0x080043e8       0x2e C:/ST/STM32CubeCLT_1.19.0/GNU-tools-for-STM32/bin/../lib/gcc/arm-none-eabi/13.3.1/../../../../arm-none-eabi/lib/thumb/v7e-m+fp/hard\libg_nano.a(libc_a-nano-vfprintf.o)
 .text.__sfputs_r
                0x08004416       0x24 C:/ST/STM32CubeCLT_1.19.0/GNU-tools-for-STM32/bin/../lib/gcc/arm-none-eabi/13.3.1/../../../../arm-none-eabi/lib/thumb/v7e-m+fp/hard\libg_nano.a(libc_a-nano-vfprintf.o)
                0x08004416                __sfputs_r
 *fill*         0x0800443a        0x2 
 .text._vfprintf_r
                0x0800443c      0x230 C:/ST/STM32CubeCLT_1.19.0/GNU-tools-for-STM32/bin/../lib/gcc/arm-none-eabi/13.3.1/../../../../arm-none-eabi/lib/thumb/v7e-m+fp/hard\libg_nano.a(libc_a-nano-vfprintf.o)
                0x0800443c                _vfprintf_r
                0x0800443c                _vfiprintf_r
 .text._printf_common
                0x0800466c       0xda C:/ST/STM32CubeCLT_1.19.0/GNU-tools-for-STM32/bin/../lib/gcc/arm-none-eabi/13.3.1/../../../../arm-none-eabi/lib/thumb/v7e-m+fp/hard\libg_nano.a(libc_a-nano-vfprintf_i.o)
                0x0800466c                _printf_common
 *fill*         0x08004746        0x2 
 .text._printf_i
                0x08004748      0x23c C:/ST/STM32CubeCLT_1.19.0/GNU-tools-for-STM32/bin/../lib/gcc/arm-none-eabi/13.3.1/../../../../arm-none-eabi/lib/thumb/v7e-m+fp/hard\libg_nano.a(libc_a-nano-vfprintf_i.o)
                0x08004748                _printf_i
 .text.__sflush_r
                0x08004984      0x108 C:/ST/STM32CubeCLT_1.19.0/GNU-tools-for-STM32/bin/../lib/gcc/arm-none-eabi/13.3.1/../../../../arm-none-eabi/lib/thumb/v7e-m+fp/hard\libg_nano.a(libc_a-fflush.o)
                0x08004984                __sflush_r
 .text._fflush_r
                0x08004a8c       0x50 C:/ST/STM32CubeCLT_1.19.0/GNU-tools-for-STM32/bin/../lib/gcc/arm-none-eabi/13.3.1/../../../../arm-none-eabi/lib/thumb/v7e-m+fp/hard\libg_nano.a(libc_a-fflush.o)
                0x08004a8c                _fflush_r
 .text.__swhatbuf_r
                0x08004adc       0x4c C:/ST/STM32CubeCLT_1.19.0/GNU-tools-for-STM32/bin/../lib/gcc/arm-none-eabi/13.3.1/../../../../arm-none-eabi/lib/thumb/v7e-m+fp/hard\libg_nano.a(libc_a-makebuf.o)
                0x08004adc                __swhatbuf_r
 .text.__smakebuf_r
                0x08004b28       0x78 C:/ST/STM32CubeCLT_1.19.0/GNU-tools-for-STM32/bin/../lib/gcc/arm-none-eabi/13.3.1/../../../../arm-none-eabi/lib/thumb/v7e-m+fp/hard\libg_nano.a(libc_a-makebuf.o)
                0x08004b28                __smakebuf_r
 .text._fstat_r
                0x08004ba0       0x24 C:/ST/STM32CubeCLT_1.19.0/GNU-tools-for-STM32/bin/../lib/gcc/arm-none-eabi/13.3.1/../../../../arm-none-eabi/lib/thumb/v7e-m+fp/hard\libg_nano.a(libc_a-fstatr.o)
                0x08004ba0                _fstat_r
 .text._isatty_r
                0x08004bc4       0x20 C:/ST/STM32CubeCLT_1.19.0/GNU-tools-for-STM32/bin/../lib/gcc/arm-none-eabi/13.3.1/../../../../arm-none-eabi/lib/thumb/v7e-m+fp/hard\libg_nano.a(libc_a-isattyr.o)
                0x08004bc4                _isatty_r
 .text._sbrk_r  0x08004be4       0x20 C:/ST/STM32CubeCLT_1.19.0/GNU-tools-for-STM32/bin/../lib/gcc/arm-none-eabi/13.3.1/../../../../arm-none-eabi/lib/thumb/v7e-m+fp/hard\libg_nano.a(libc_a-sbrkr.o)
                0x08004be4                _sbrk_r
 *(.glue_7)
 .glue_7        0x08004c04        0x0 linker stubs
 *(.glue_7t)
 .glue_7t       0x08004c04        0x0 linker stubs
 *(.eh_frame)
 .eh_frame      0x08004c04        0x0 C:/ST/STM32CubeCLT_1.19.0/GNU-tools-for-STM32/bin/../lib/gcc/arm-none-eabi/13.3.1/thumb/v7e-m+fp/hard/crtbegin.o
 *(.init)
 .init          0x08004c04        0x4 C:/ST/STM32CubeCLT_1.19.0/GNU-tools-for-STM32/bin/../lib/gcc/arm-none-eabi/13.3.1/thumb/v7e-m+fp/hard/crti.o
                0x08004c04                _init
 .init          0x08004c08        0x8 C:/ST/STM32CubeCLT_1.19.0/GNU-tools-for-STM32/bin/../lib/gcc/arm-none-eabi/13.3.1/thumb/v7e-m+fp/hard/crtn.o
 *(.fini)
 .fini          0x08004c10        0x4 C:/ST/STM32CubeCLT_1.19.0/GNU-tools-for-STM32/bin/../lib/gcc/arm-none-eabi/13.3.1/thumb/v7e-m+fp/hard/crti.o
                0x08004c10                _fini
 .fini          0x08004c14        0x8 C:/ST/STM32CubeCLT_1.19.0/GNU-tools-for-STM32/bin/../lib/gcc/arm-none-eabi/13.3.1/thumb/v7e-m+fp/hard/crtn.o
                0x08004c20                        . = ALIGN (0x8)
 *fill*         0x08004c1c        0x4 
                0x08004c20                        _etext = .

.vfp11_veneer   0x08004c20        0x0
 .vfp11_veneer  0x08004c20        0x0 linker stubs

.v4_bx          0x08004c20        0x0
 .v4_bx         0x08004c20        0x0 linker stubs

.iplt           0x08004c20        0x0
 .iplt          0x08004c20        0x0 C:/ST/STM32CubeCLT_1.19.0/GNU-tools-for-STM32/bin/../lib/gcc/arm-none-eabi/13.3.1/thumb/v7e-m+fp/hard/crtbegin.o

.rodata         0x08004c20      0xf38
                0x08004c20                        . = ALIGN (0x8)
 *(.rodata)
 *(.rodata*)
 .rodata.MSIRangeTable
                0x08004c20       0x30 cmake/stm32cubemx/CMakeFiles/STM32_Drivers.dir/__/__/Core/Src/system_stm32l4xx.c.obj
                0x08004c20                MSIRangeTable
 .rodata.APBPrescTable
                0x08004c50        0x8 cmake/stm32cubemx/CMakeFiles/STM32_Drivers.dir/__/__/Core/Src/system_stm32l4xx.c.obj
                0x08004c50                APBPrescTable
 .rodata.AHBPrescTable
                0x08004c58       0x10 cmake/stm32cubemx/CMakeFiles/STM32_Drivers.dir/__/__/Core/Src/system_stm32l4xx.c.obj
                0x08004c58                AHBPrescTable
 .rodata.process_key.str1.4
                0x08004c68      0x13f CMakeFiles/4100901-Room_Control-CubeMX.dir/Core/Src/main.c.obj
                                 0xd2 (size before relaxing)
 .rodata.main.str1.4
                0x08004da7       0x6b CMakeFiles/4100901-Room_Control-CubeMX.dir/Core/Src/main.c.obj
 *fill*         0x08004da7        0x1 
 .rodata.keypad_map
                0x08004da8       0x10 CMakeFiles/4100901-Room_Control-CubeMX.dir/core/Src/keypad_driver.c.obj
 .rodata.Font_11x18
                0x08004db8        0xc CMakeFiles/4100901-Room_Control-CubeMX.dir/Drivers/ssd1306/ssd1306_fonts.c.obj
                0x08004db8                Font_11x18
 .rodata.Font11x18
                0x08004dc4      0xd5c CMakeFiles/4100901-Room_Control-CubeMX.dir/Drivers/ssd1306/ssd1306_fonts.c.obj
 .rodata._vfprintf_r.str1.1
                0x08005b20       0x33 C:/ST/STM32CubeCLT_1.19.0/GNU-tools-for-STM32/bin/../lib/gcc/arm-none-eabi/13.3.1/../../../../arm-none-eabi/lib/thumb/v7e-m+fp/hard\libg_nano.a(libc_a-nano-vfprintf.o)
                                 0x11 (size before relaxing)
 .rodata._printf_i.str1.1
                0x08005b53       0x22 C:/ST/STM32CubeCLT_1.19.0/GNU-tools-for-STM32/bin/../lib/gcc/arm-none-eabi/13.3.1/../../../../arm-none-eabi/lib/thumb/v7e-m+fp/hard\libg_nano.a(libc_a-nano-vfprintf_i.o)
                0x08005b78                        . = ALIGN (0x8)
 *fill*         0x08005b53        0x5 

.ARM.extab      0x08005b58        0x0
                0x08005b58                        . = ALIGN (0x8)
 *(.ARM.extab* .gnu.linkonce.armextab.*)
                0x08005b58                        . = ALIGN (0x8)

.ARM            0x08005b58        0x8
                0x08005b58                        . = ALIGN (0x8)
                0x08005b58                        __exidx_start = .
 *(.ARM.exidx*)
 .ARM.exidx     0x08005b58        0x8 C:/ST/STM32CubeCLT_1.19.0/GNU-tools-for-STM32/bin/../lib/gcc/arm-none-eabi/13.3.1/thumb/v7e-m+fp/hard\libgcc.a(_udivmoddi4.o)
 .ARM.exidx     0x08005b60        0x0 C:/ST/STM32CubeCLT_1.19.0/GNU-tools-for-STM32/bin/../lib/gcc/arm-none-eabi/13.3.1/../../../../arm-none-eabi/lib/thumb/v7e-m+fp/hard\libg_nano.a(libc_a-memchr.o)
                                  0x8 (size before relaxing)
                0x08005b60                        __exidx_end = .
                0x08005b60                        . = ALIGN (0x8)

.preinit_array  0x08005b60        0x0
                0x08005b60                        . = ALIGN (0x8)
                0x08005b60                        PROVIDE (__preinit_array_start = .)
 *(.preinit_array*)
                0x08005b60                        PROVIDE (__preinit_array_end = .)
                0x08005b60                        . = ALIGN (0x8)

.init_array     0x08005b60        0x8
                0x08005b60                        . = ALIGN (0x8)
                0x08005b60                        PROVIDE (__init_array_start = .)
 *(SORT_BY_NAME(.init_array.*))
 *(.init_array*)
 .init_array    0x08005b60        0x4 C:/ST/STM32CubeCLT_1.19.0/GNU-tools-for-STM32/bin/../lib/gcc/arm-none-eabi/13.3.1/thumb/v7e-m+fp/hard/crtbegin.o
                0x08005b64                        PROVIDE (__init_array_end = .)
                0x08005b68                        . = ALIGN (0x8)
 *fill*         0x08005b64        0x4 

.fini_array     0x08005b68        0x8
                0x08005b68                        . = ALIGN (0x8)
                [!provide]                        PROVIDE (__fini_array_start = .)
 *(SORT_BY_NAME(.fini_array.*))
 *(.fini_array*)
 .fini_array    0x08005b68        0x4 C:/ST/STM32CubeCLT_1.19.0/GNU-tools-for-STM32/bin/../lib/gcc/arm-none-eabi/13.3.1/thumb/v7e-m+fp/hard/crtbegin.o
                [!provide]                        PROVIDE (__fini_array_end = .)
                0x08005b70                        . = ALIGN (0x8)
 *fill*         0x08005b6c        0x4 
                0x08005b70                        _sidata = LOADADDR (.data)

.rel.dyn        0x08005b70        0x0
 .rel.iplt      0x08005b70        0x0 C:/ST/STM32CubeCLT_1.19.0/GNU-tools-for-STM32/bin/../lib/gcc/arm-none-eabi/13.3.1/thumb/v7e-m+fp/hard/crtbegin.o

.data           0x20000000       0xa0 load address 0x08005b70
                0x20000000                        . = ALIGN (0x8)
                0x20000000                        _sdata = .
 *(.data)
 *(.data*)
 .data.SystemCoreClock
                0x20000000        0x4 cmake/stm32cubemx/CMakeFiles/STM32_Drivers.dir/__/__/Core/Src/system_stm32l4xx.c.obj
                0x20000000                SystemCoreClock
 .data.uwTickFreq
                0x20000004        0x1 cmake/stm32cubemx/CMakeFiles/STM32_Drivers.dir/__/__/Drivers/STM32L4xx_HAL_Driver/Src/stm32l4xx_hal.c.obj
                0x20000004                uwTickFreq
 *fill*         0x20000005        0x3 
 .data.uwTickPrio
                0x20000008        0x4 cmake/stm32cubemx/CMakeFiles/STM32_Drivers.dir/__/__/Drivers/STM32L4xx_HAL_Driver/Src/stm32l4xx_hal.c.obj
                0x20000008                uwTickPrio
 .data.keypad   0x2000000c       0x30 CMakeFiles/4100901-Room_Control-CubeMX.dir/Core/Src/main.c.obj
                0x2000000c                keypad
 .data.led1     0x2000003c        0x8 CMakeFiles/4100901-Room_Control-CubeMX.dir/Core/Src/main.c.obj
                0x2000003c                led1
 .data.__sglue  0x20000044        0xc C:/ST/STM32CubeCLT_1.19.0/GNU-tools-for-STM32/bin/../lib/gcc/arm-none-eabi/13.3.1/../../../../arm-none-eabi/lib/thumb/v7e-m+fp/hard\libg_nano.a(libc_a-findfp.o)
                0x20000044                __sglue
 .data._impure_ptr
                0x20000050        0x4 C:/ST/STM32CubeCLT_1.19.0/GNU-tools-for-STM32/bin/../lib/gcc/arm-none-eabi/13.3.1/../../../../arm-none-eabi/lib/thumb/v7e-m+fp/hard\libg_nano.a(libc_a-impure.o)
                0x20000050                _impure_ptr
 .data._impure_data
                0x20000054       0x4c C:/ST/STM32CubeCLT_1.19.0/GNU-tools-for-STM32/bin/../lib/gcc/arm-none-eabi/13.3.1/../../../../arm-none-eabi/lib/thumb/v7e-m+fp/hard\libg_nano.a(libc_a-impure.o)
                0x20000054                _impure_data
 *(.RamFunc)
 *(.RamFunc*)
                0x200000a0                        . = ALIGN (0x8)

.igot.plt       0x200000a0        0x0 load address 0x08005c10
 .igot.plt      0x200000a0        0x0 C:/ST/STM32CubeCLT_1.19.0/GNU-tools-for-STM32/bin/../lib/gcc/arm-none-eabi/13.3.1/thumb/v7e-m+fp/hard/crtbegin.o

.tdata          0x200000a0        0x0 load address 0x08005c10
 *(.tdata .tdata.* .gnu.linkonce.td.*)
                0x200000a0                        . = ALIGN (0x4)
                0x200000a0                        _edata = .
                [!provide]                        PROVIDE (__data_end = .)
                [!provide]                        PROVIDE (__tdata_end = .)
                [!provide]                        PROVIDE (__tdata_start = ADDR (.tdata))
                [!provide]                        PROVIDE (__tdata_size = (__tdata_end - __tdata_start))
                [!provide]                        PROVIDE (__data_start = ADDR (.data))
                [!provide]                        PROVIDE (__data_size = (__data_end - __data_start))
                [!provide]                        PROVIDE (__tdata_source = LOADADDR (.tdata))
                [!provide]                        PROVIDE (__tdata_source_end = (LOADADDR (.tdata) + SIZEOF (.tdata)))
                [!provide]                        PROVIDE (__tdata_source_size = (__tdata_source_end - __tdata_source))
                [!provide]                        PROVIDE (__data_source = LOADADDR (.data))
                [!provide]                        PROVIDE (__data_source_end = __tdata_source_end)
                [!provide]                        PROVIDE (__data_source_size = (__data_source_end - __data_source))

.tbss           0x200000a0        0x0 load address 0x08005c10
                0x200000a0                        _sbss = .
                0x200000a0                        __bss_start__ = _sbss
 *(.tbss .tbss.*)
                0x200000a0                        . = ALIGN (0x4)
                [!provide]                        PROVIDE (__tbss_end = .)
                [!provide]                        PROVIDE (__tbss_start = ADDR (.tbss))
                [!provide]                        PROVIDE (__tbss_size = (__tbss_end - __tbss_start))
                [!provide]                        PROVIDE (__tbss_offset = (ADDR (.tbss) - ADDR (.tdata)))
                [!provide]                        PROVIDE (__tls_base = __tdata_start)
                [!provide]                        PROVIDE (__tls_end = __tbss_end)
                [!provide]                        PROVIDE (__tls_size = (__tls_end - __tls_base))
                [!provide]                        PROVIDE (__tls_align = MAX (ALIGNOF (.tdata), ALIGNOF (.tbss)))
                [!provide]                        PROVIDE (__tls_size_align = (((__tls_size + __tls_align) - 0x1) & ~ ((__tls_align - 0x1))))
                [!provide]                        PROVIDE (__arm32_tls_tcb_offset = MAX (0x8, __tls_align))
                [!provide]                        PROVIDE (__arm64_tls_tcb_offset = MAX (0x10, __tls_align))

.bss            0x200000a0      0x688 load address 0x08005c10
 *(.bss)
 .bss           0x200000a0       0x1c C:/ST/STM32CubeCLT_1.19.0/GNU-tools-for-STM32/bin/../lib/gcc/arm-none-eabi/13.3.1/thumb/v7e-m+fp/hard/crtbegin.o
 *(.bss*)
 .bss.uwTick    0x200000bc        0x4 cmake/stm32cubemx/CMakeFiles/STM32_Drivers.dir/__/__/Drivers/STM32L4xx_HAL_Driver/Src/stm32l4xx_hal.c.obj
                0x200000bc                uwTick
 .bss.led_on_duration
                0x200000c0        0x4 CMakeFiles/4100901-Room_Control-CubeMX.dir/Core/Src/main.c.obj
                0x200000c0                led_on_duration
 .bss.led_timer_start
                0x200000c4        0x4 CMakeFiles/4100901-Room_Control-CubeMX.dir/Core/Src/main.c.obj
                0x200000c4                led_timer_start
 .bss.last_key_press_time
                0x200000c8        0x4 CMakeFiles/4100901-Room_Control-CubeMX.dir/Core/Src/main.c.obj
                0x200000c8                last_key_press_time
 .bss.password_index
                0x200000cc        0x1 CMakeFiles/4100901-Room_Control-CubeMX.dir/Core/Src/main.c.obj
                0x200000cc                password_index
 *fill*         0x200000cd        0x3 
 .bss.entered_password
                0x200000d0        0x5 CMakeFiles/4100901-Room_Control-CubeMX.dir/Core/Src/main.c.obj
                0x200000d0                entered_password
 *fill*         0x200000d5        0x3 
 .bss.keypad_rb
                0x200000d8        0xc CMakeFiles/4100901-Room_Control-CubeMX.dir/Core/Src/main.c.obj
                0x200000d8                keypad_rb
 .bss.keypad_buffer
                0x200000e4       0x10 CMakeFiles/4100901-Room_Control-CubeMX.dir/Core/Src/main.c.obj
                0x200000e4                keypad_buffer
 .bss.huart2    0x200000f4       0x88 CMakeFiles/4100901-Room_Control-CubeMX.dir/Core/Src/main.c.obj
                0x200000f4                huart2
 .bss.hi2c1     0x2000017c       0x54 CMakeFiles/4100901-Room_Control-CubeMX.dir/Core/Src/main.c.obj
                0x2000017c                hi2c1
 .bss.__sbrk_heap_end
                0x200001d0        0x4 CMakeFiles/4100901-Room_Control-CubeMX.dir/Core/Src/sysmem.c.obj
 .bss.SSD1306   0x200001d4        0x6 CMakeFiles/4100901-Room_Control-CubeMX.dir/Drivers/ssd1306/ssd1306.c.obj
 *fill*         0x200001da        0x2 
 .bss.SSD1306_Buffer
                0x200001dc      0x400 CMakeFiles/4100901-Room_Control-CubeMX.dir/Drivers/ssd1306/ssd1306.c.obj
 .bss.__sf      0x200005dc      0x138 C:/ST/STM32CubeCLT_1.19.0/GNU-tools-for-STM32/bin/../lib/gcc/arm-none-eabi/13.3.1/../../../../arm-none-eabi/lib/thumb/v7e-m+fp/hard\libg_nano.a(libc_a-findfp.o)
                0x200005dc                __sf
 .bss.__stdio_exit_handler
                0x20000714        0x4 C:/ST/STM32CubeCLT_1.19.0/GNU-tools-for-STM32/bin/../lib/gcc/arm-none-eabi/13.3.1/../../../../arm-none-eabi/lib/thumb/v7e-m+fp/hard\libg_nano.a(libc_a-findfp.o)
                0x20000714                __stdio_exit_handler
 .bss.errno     0x20000718        0x4 C:/ST/STM32CubeCLT_1.19.0/GNU-tools-for-STM32/bin/../lib/gcc/arm-none-eabi/13.3.1/../../../../arm-none-eabi/lib/thumb/v7e-m+fp/hard\libg_nano.a(libc_a-reent.o)
                0x20000718                errno
 .bss.__lock___malloc_recursive_mutex
                0x2000071c        0x1 C:/ST/STM32CubeCLT_1.19.0/GNU-tools-for-STM32/bin/../lib/gcc/arm-none-eabi/13.3.1/../../../../arm-none-eabi/lib/thumb/v7e-m+fp/hard\libg_nano.a(libc_a-lock.o)
                0x2000071c                __lock___malloc_recursive_mutex
 .bss.__lock___sfp_recursive_mutex
                0x2000071d        0x1 C:/ST/STM32CubeCLT_1.19.0/GNU-tools-for-STM32/bin/../lib/gcc/arm-none-eabi/13.3.1/../../../../arm-none-eabi/lib/thumb/v7e-m+fp/hard\libg_nano.a(libc_a-lock.o)
                0x2000071d                __lock___sfp_recursive_mutex
 *fill*         0x2000071e        0x2 
 .bss.__malloc_sbrk_start
                0x20000720        0x4 C:/ST/STM32CubeCLT_1.19.0/GNU-tools-for-STM32/bin/../lib/gcc/arm-none-eabi/13.3.1/../../../../arm-none-eabi/lib/thumb/v7e-m+fp/hard\libg_nano.a(libc_a-mallocr.o)
                0x20000720                __malloc_sbrk_start
 .bss.__malloc_free_list
                0x20000724        0x4 C:/ST/STM32CubeCLT_1.19.0/GNU-tools-for-STM32/bin/../lib/gcc/arm-none-eabi/13.3.1/../../../../arm-none-eabi/lib/thumb/v7e-m+fp/hard\libg_nano.a(libc_a-mallocr.o)
                0x20000724                __malloc_free_list
 *(COMMON)
                0x20000728                        . = ALIGN (0x4)
                0x20000728                        _ebss = .
                0x20000728                        __bss_end__ = _ebss
                [!provide]                        PROVIDE (__bss_end = .)
                [!provide]                        PROVIDE (__non_tls_bss_start = ADDR (.bss))
                [!provide]                        PROVIDE (__bss_start = __tbss_start)
                [!provide]                        PROVIDE (__bss_size = (__bss_end - __bss_start))

._user_heap_stack
                0x20000728      0x600 load address 0x08005c10
                0x20000728                        . = ALIGN (0x8)
                [!provide]                        PROVIDE (end = .)
                0x20000728                        PROVIDE (_end = .)
                0x20000928                        . = (. + _Min_Heap_Size)
 *fill*         0x20000728      0x200 
                0x20000d28                        . = (. + _Min_Stack_Size)
 *fill*         0x20000928      0x400 
                0x20000d28                        . = ALIGN (0x8)

/DISCARD/
 libc.a:*(*)
 libm.a:*(*)
 libgcc.a:*(*)
OUTPUT(4100901-Room_Control-CubeMX.elf elf32-littlearm)
LOAD linker stubs

.ARM.attributes
                0x00000000       0x30
 .ARM.attributes
                0x00000000       0x22 C:/ST/STM32CubeCLT_1.19.0/GNU-tools-for-STM32/bin/../lib/gcc/arm-none-eabi/13.3.1/thumb/v7e-m+fp/hard/crti.o
 .ARM.attributes
                0x00000022       0x34 C:/ST/STM32CubeCLT_1.19.0/GNU-tools-for-STM32/bin/../lib/gcc/arm-none-eabi/13.3.1/thumb/v7e-m+fp/hard/crtbegin.o
 .ARM.attributes
                0x00000056       0x34 cmake/stm32cubemx/CMakeFiles/STM32_Drivers.dir/__/__/Core/Src/system_stm32l4xx.c.obj
 .ARM.attributes
                0x0000008a       0x34 cmake/stm32cubemx/CMakeFiles/STM32_Drivers.dir/7cc2bf78d381c51da830a55a79b40627/Src/stm32l4xx_hal_i2c.c.obj
 .ARM.attributes
                0x000000be       0x34 cmake/stm32cubemx/CMakeFiles/STM32_Drivers.dir/34ffa62f3cf58c1e1b0485243292b06d/stm32l4xx_hal_i2c_ex.c.obj
 .ARM.attributes
                0x000000f2       0x34 cmake/stm32cubemx/CMakeFiles/STM32_Drivers.dir/__/__/Drivers/STM32L4xx_HAL_Driver/Src/stm32l4xx_hal.c.obj
 .ARM.attributes
                0x00000126       0x34 cmake/stm32cubemx/CMakeFiles/STM32_Drivers.dir/7cc2bf78d381c51da830a55a79b40627/Src/stm32l4xx_hal_rcc.c.obj
 .ARM.attributes
                0x0000015a       0x34 cmake/stm32cubemx/CMakeFiles/STM32_Drivers.dir/34ffa62f3cf58c1e1b0485243292b06d/stm32l4xx_hal_rcc_ex.c.obj
 .ARM.attributes
                0x0000018e       0x34 cmake/stm32cubemx/CMakeFiles/STM32_Drivers.dir/7cc2bf78d381c51da830a55a79b40627/Src/stm32l4xx_hal_gpio.c.obj
 .ARM.attributes
                0x000001c2       0x34 cmake/stm32cubemx/CMakeFiles/STM32_Drivers.dir/7cc2bf78d381c51da830a55a79b40627/Src/stm32l4xx_hal_dma.c.obj
 .ARM.attributes
                0x000001f6       0x34 cmake/stm32cubemx/CMakeFiles/STM32_Drivers.dir/34ffa62f3cf58c1e1b0485243292b06d/stm32l4xx_hal_pwr_ex.c.obj
 .ARM.attributes
                0x0000022a       0x34 cmake/stm32cubemx/CMakeFiles/STM32_Drivers.dir/34ffa62f3cf58c1e1b0485243292b06d/stm32l4xx_hal_cortex.c.obj
 .ARM.attributes
                0x0000025e       0x34 cmake/stm32cubemx/CMakeFiles/STM32_Drivers.dir/7cc2bf78d381c51da830a55a79b40627/Src/stm32l4xx_hal_uart.c.obj
 .ARM.attributes
                0x00000292       0x34 cmake/stm32cubemx/CMakeFiles/STM32_Drivers.dir/34ffa62f3cf58c1e1b0485243292b06d/stm32l4xx_hal_uart_ex.c.obj
 .ARM.attributes
                0x000002c6       0x34 CMakeFiles/4100901-Room_Control-CubeMX.dir/Core/Src/main.c.obj
 .ARM.attributes
                0x000002fa       0x34 CMakeFiles/4100901-Room_Control-CubeMX.dir/Core/Src/stm32l4xx_it.c.obj
 .ARM.attributes
                0x0000032e       0x34 CMakeFiles/4100901-Room_Control-CubeMX.dir/Core/Src/stm32l4xx_hal_msp.c.obj
 .ARM.attributes
                0x00000362       0x34 CMakeFiles/4100901-Room_Control-CubeMX.dir/Core/Src/sysmem.c.obj
 .ARM.attributes
                0x00000396       0x34 CMakeFiles/4100901-Room_Control-CubeMX.dir/Core/Src/syscalls.c.obj
 .ARM.attributes
                0x000003ca       0x21 CMakeFiles/4100901-Room_Control-CubeMX.dir/startup_stm32l476xx.s.obj
 .ARM.attributes
                0x000003eb       0x34 CMakeFiles/4100901-Room_Control-CubeMX.dir/core/Src/keypad_driver.c.obj
 .ARM.attributes
                0x0000041f       0x34 CMakeFiles/4100901-Room_Control-CubeMX.dir/Core/Src/led_driver.c.obj
 .ARM.attributes
                0x00000453       0x34 CMakeFiles/4100901-Room_Control-CubeMX.dir/Core/Src/ring_buffer.c.obj
 .ARM.attributes
                0x00000487       0x34 CMakeFiles/4100901-Room_Control-CubeMX.dir/Drivers/ssd1306/ssd1306.c.obj
 .ARM.attributes
                0x000004bb       0x34 CMakeFiles/4100901-Room_Control-CubeMX.dir/Drivers/ssd1306/ssd1306_fonts.c.obj
 .ARM.attributes
                0x000004ef       0x22 C:/ST/STM32CubeCLT_1.19.0/GNU-tools-for-STM32/bin/../lib/gcc/arm-none-eabi/13.3.1/thumb/v7e-m+fp/hard\libgcc.a(_aeabi_uldivmod.o)
 .ARM.attributes
                0x00000511       0x34 C:/ST/STM32CubeCLT_1.19.0/GNU-tools-for-STM32/bin/../lib/gcc/arm-none-eabi/13.3.1/thumb/v7e-m+fp/hard\libgcc.a(_udivmoddi4.o)
 .ARM.attributes
                0x00000545       0x22 C:/ST/STM32CubeCLT_1.19.0/GNU-tools-for-STM32/bin/../lib/gcc/arm-none-eabi/13.3.1/thumb/v7e-m+fp/hard\libgcc.a(_dvmd_tls.o)
 .ARM.attributes
                0x00000567       0x34 C:/ST/STM32CubeCLT_1.19.0/GNU-tools-for-STM32/bin/../lib/gcc/arm-none-eabi/13.3.1/../../../../arm-none-eabi/lib/thumb/v7e-m+fp/hard\libg_nano.a(libc_a-findfp.o)
 .ARM.attributes
                0x0000059b       0x34 C:/ST/STM32CubeCLT_1.19.0/GNU-tools-for-STM32/bin/../lib/gcc/arm-none-eabi/13.3.1/../../../../arm-none-eabi/lib/thumb/v7e-m+fp/hard\libg_nano.a(libc_a-fwalk.o)
 .ARM.attributes
                0x000005cf       0x34 C:/ST/STM32CubeCLT_1.19.0/GNU-tools-for-STM32/bin/../lib/gcc/arm-none-eabi/13.3.1/../../../../arm-none-eabi/lib/thumb/v7e-m+fp/hard\libg_nano.a(libc_a-printf.o)
 .ARM.attributes
                0x00000603       0x34 C:/ST/STM32CubeCLT_1.19.0/GNU-tools-for-STM32/bin/../lib/gcc/arm-none-eabi/13.3.1/../../../../arm-none-eabi/lib/thumb/v7e-m+fp/hard\libg_nano.a(libc_a-puts.o)
 .ARM.attributes
                0x00000637       0x34 C:/ST/STM32CubeCLT_1.19.0/GNU-tools-for-STM32/bin/../lib/gcc/arm-none-eabi/13.3.1/../../../../arm-none-eabi/lib/thumb/v7e-m+fp/hard\libg_nano.a(libc_a-stdio.o)
 .ARM.attributes
                0x0000066b       0x34 C:/ST/STM32CubeCLT_1.19.0/GNU-tools-for-STM32/bin/../lib/gcc/arm-none-eabi/13.3.1/../../../../arm-none-eabi/lib/thumb/v7e-m+fp/hard\libg_nano.a(libc_a-wbuf.o)
 .ARM.attributes
                0x0000069f       0x34 C:/ST/STM32CubeCLT_1.19.0/GNU-tools-for-STM32/bin/../lib/gcc/arm-none-eabi/13.3.1/../../../../arm-none-eabi/lib/thumb/v7e-m+fp/hard\libg_nano.a(libc_a-wsetup.o)
 .ARM.attributes
                0x000006d3       0x34 C:/ST/STM32CubeCLT_1.19.0/GNU-tools-for-STM32/bin/../lib/gcc/arm-none-eabi/13.3.1/../../../../arm-none-eabi/lib/thumb/v7e-m+fp/hard\libg_nano.a(libc_a-memset.o)
 .ARM.attributes
                0x00000707       0x34 C:/ST/STM32CubeCLT_1.19.0/GNU-tools-for-STM32/bin/../lib/gcc/arm-none-eabi/13.3.1/../../../../arm-none-eabi/lib/thumb/v7e-m+fp/hard\libg_nano.a(libc_a-closer.o)
 .ARM.attributes
                0x0000073b       0x34 C:/ST/STM32CubeCLT_1.19.0/GNU-tools-for-STM32/bin/../lib/gcc/arm-none-eabi/13.3.1/../../../../arm-none-eabi/lib/thumb/v7e-m+fp/hard\libg_nano.a(libc_a-reent.o)
 .ARM.attributes
                0x0000076f       0x34 C:/ST/STM32CubeCLT_1.19.0/GNU-tools-for-STM32/bin/../lib/gcc/arm-none-eabi/13.3.1/../../../../arm-none-eabi/lib/thumb/v7e-m+fp/hard\libg_nano.a(libc_a-impure.o)
 .ARM.attributes
                0x000007a3       0x34 C:/ST/STM32CubeCLT_1.19.0/GNU-tools-for-STM32/bin/../lib/gcc/arm-none-eabi/13.3.1/../../../../arm-none-eabi/lib/thumb/v7e-m+fp/hard\libg_nano.a(libc_a-lseekr.o)
 .ARM.attributes
                0x000007d7       0x34 C:/ST/STM32CubeCLT_1.19.0/GNU-tools-for-STM32/bin/../lib/gcc/arm-none-eabi/13.3.1/../../../../arm-none-eabi/lib/thumb/v7e-m+fp/hard\libg_nano.a(libc_a-readr.o)
 .ARM.attributes
                0x0000080b       0x34 C:/ST/STM32CubeCLT_1.19.0/GNU-tools-for-STM32/bin/../lib/gcc/arm-none-eabi/13.3.1/../../../../arm-none-eabi/lib/thumb/v7e-m+fp/hard\libg_nano.a(libc_a-writer.o)
 .ARM.attributes
                0x0000083f       0x34 C:/ST/STM32CubeCLT_1.19.0/GNU-tools-for-STM32/bin/../lib/gcc/arm-none-eabi/13.3.1/../../../../arm-none-eabi/lib/thumb/v7e-m+fp/hard\libg_nano.a(libc_a-errno.o)
 .ARM.attributes
                0x00000873       0x34 C:/ST/STM32CubeCLT_1.19.0/GNU-tools-for-STM32/bin/../lib/gcc/arm-none-eabi/13.3.1/../../../../arm-none-eabi/lib/thumb/v7e-m+fp/hard\libg_nano.a(libc_a-init.o)
 .ARM.attributes
                0x000008a7       0x34 C:/ST/STM32CubeCLT_1.19.0/GNU-tools-for-STM32/bin/../lib/gcc/arm-none-eabi/13.3.1/../../../../arm-none-eabi/lib/thumb/v7e-m+fp/hard\libg_nano.a(libc_a-lock.o)
 .ARM.attributes
                0x000008db       0x34 C:/ST/STM32CubeCLT_1.19.0/GNU-tools-for-STM32/bin/../lib/gcc/arm-none-eabi/13.3.1/../../../../arm-none-eabi/lib/thumb/v7e-m+fp/hard\libg_nano.a(libc_a-freer.o)
 .ARM.attributes
                0x0000090f       0x34 C:/ST/STM32CubeCLT_1.19.0/GNU-tools-for-STM32/bin/../lib/gcc/arm-none-eabi/13.3.1/../../../../arm-none-eabi/lib/thumb/v7e-m+fp/hard\libg_nano.a(libc_a-mallocr.o)
 .ARM.attributes
                0x00000943       0x34 C:/ST/STM32CubeCLT_1.19.0/GNU-tools-for-STM32/bin/../lib/gcc/arm-none-eabi/13.3.1/../../../../arm-none-eabi/lib/thumb/v7e-m+fp/hard\libg_nano.a(libc_a-mlock.o)
 .ARM.attributes
                0x00000977       0x34 C:/ST/STM32CubeCLT_1.19.0/GNU-tools-for-STM32/bin/../lib/gcc/arm-none-eabi/13.3.1/../../../../arm-none-eabi/lib/thumb/v7e-m+fp/hard\libg_nano.a(libc_a-nano-vfprintf.o)
 .ARM.attributes
                0x000009ab       0x34 C:/ST/STM32CubeCLT_1.19.0/GNU-tools-for-STM32/bin/../lib/gcc/arm-none-eabi/13.3.1/../../../../arm-none-eabi/lib/thumb/v7e-m+fp/hard\libg_nano.a(libc_a-nano-vfprintf_i.o)
 .ARM.attributes
                0x000009df       0x34 C:/ST/STM32CubeCLT_1.19.0/GNU-tools-for-STM32/bin/../lib/gcc/arm-none-eabi/13.3.1/../../../../arm-none-eabi/lib/thumb/v7e-m+fp/hard\libg_nano.a(libc_a-fflush.o)
 .ARM.attributes
                0x00000a13       0x34 C:/ST/STM32CubeCLT_1.19.0/GNU-tools-for-STM32/bin/../lib/gcc/arm-none-eabi/13.3.1/../../../../arm-none-eabi/lib/thumb/v7e-m+fp/hard\libg_nano.a(libc_a-makebuf.o)
 .ARM.attributes
                0x00000a47       0x34 C:/ST/STM32CubeCLT_1.19.0/GNU-tools-for-STM32/bin/../lib/gcc/arm-none-eabi/13.3.1/../../../../arm-none-eabi/lib/thumb/v7e-m+fp/hard\libg_nano.a(libc_a-fstatr.o)
 .ARM.attributes
                0x00000a7b       0x34 C:/ST/STM32CubeCLT_1.19.0/GNU-tools-for-STM32/bin/../lib/gcc/arm-none-eabi/13.3.1/../../../../arm-none-eabi/lib/thumb/v7e-m+fp/hard\libg_nano.a(libc_a-isattyr.o)
 .ARM.attributes
                0x00000aaf       0x34 C:/ST/STM32CubeCLT_1.19.0/GNU-tools-for-STM32/bin/../lib/gcc/arm-none-eabi/13.3.1/../../../../arm-none-eabi/lib/thumb/v7e-m+fp/hard\libg_nano.a(libc_a-sbrkr.o)
 .ARM.attributes
                0x00000ae3       0x1c C:/ST/STM32CubeCLT_1.19.0/GNU-tools-for-STM32/bin/../lib/gcc/arm-none-eabi/13.3.1/../../../../arm-none-eabi/lib/thumb/v7e-m+fp/hard\libg_nano.a(libc_a-memchr.o)
 .ARM.attributes
                0x00000aff       0x22 C:/ST/STM32CubeCLT_1.19.0/GNU-tools-for-STM32/bin/../lib/gcc/arm-none-eabi/13.3.1/thumb/v7e-m+fp/hard/crtn.o

.comment        0x00000000       0x43
 .comment       0x00000000       0x43 cmake/stm32cubemx/CMakeFiles/STM32_Drivers.dir/__/__/Core/Src/system_stm32l4xx.c.obj
                                 0x44 (size before relaxing)
 .comment       0x00000043       0x44 cmake/stm32cubemx/CMakeFiles/STM32_Drivers.dir/7cc2bf78d381c51da830a55a79b40627/Src/stm32l4xx_hal_i2c.c.obj
 .comment       0x00000043       0x44 cmake/stm32cubemx/CMakeFiles/STM32_Drivers.dir/34ffa62f3cf58c1e1b0485243292b06d/stm32l4xx_hal_i2c_ex.c.obj
 .comment       0x00000043       0x44 cmake/stm32cubemx/CMakeFiles/STM32_Drivers.dir/__/__/Drivers/STM32L4xx_HAL_Driver/Src/stm32l4xx_hal.c.obj
 .comment       0x00000043       0x44 cmake/stm32cubemx/CMakeFiles/STM32_Drivers.dir/7cc2bf78d381c51da830a55a79b40627/Src/stm32l4xx_hal_rcc.c.obj
 .comment       0x00000043       0x44 cmake/stm32cubemx/CMakeFiles/STM32_Drivers.dir/34ffa62f3cf58c1e1b0485243292b06d/stm32l4xx_hal_rcc_ex.c.obj
 .comment       0x00000043       0x44 cmake/stm32cubemx/CMakeFiles/STM32_Drivers.dir/7cc2bf78d381c51da830a55a79b40627/Src/stm32l4xx_hal_gpio.c.obj
 .comment       0x00000043       0x44 cmake/stm32cubemx/CMakeFiles/STM32_Drivers.dir/7cc2bf78d381c51da830a55a79b40627/Src/stm32l4xx_hal_dma.c.obj
 .comment       0x00000043       0x44 cmake/stm32cubemx/CMakeFiles/STM32_Drivers.dir/34ffa62f3cf58c1e1b0485243292b06d/stm32l4xx_hal_pwr_ex.c.obj
 .comment       0x00000043       0x44 cmake/stm32cubemx/CMakeFiles/STM32_Drivers.dir/34ffa62f3cf58c1e1b0485243292b06d/stm32l4xx_hal_cortex.c.obj
 .comment       0x00000043       0x44 cmake/stm32cubemx/CMakeFiles/STM32_Drivers.dir/7cc2bf78d381c51da830a55a79b40627/Src/stm32l4xx_hal_uart.c.obj
 .comment       0x00000043       0x44 cmake/stm32cubemx/CMakeFiles/STM32_Drivers.dir/34ffa62f3cf58c1e1b0485243292b06d/stm32l4xx_hal_uart_ex.c.obj
 .comment       0x00000043       0x44 CMakeFiles/4100901-Room_Control-CubeMX.dir/Core/Src/main.c.obj
 .comment       0x00000043       0x44 CMakeFiles/4100901-Room_Control-CubeMX.dir/Core/Src/stm32l4xx_it.c.obj
 .comment       0x00000043       0x44 CMakeFiles/4100901-Room_Control-CubeMX.dir/Core/Src/stm32l4xx_hal_msp.c.obj
 .comment       0x00000043       0x44 CMakeFiles/4100901-Room_Control-CubeMX.dir/Core/Src/sysmem.c.obj
 .comment       0x00000043       0x44 CMakeFiles/4100901-Room_Control-CubeMX.dir/Core/Src/syscalls.c.obj
 .comment       0x00000043       0x44 CMakeFiles/4100901-Room_Control-CubeMX.dir/core/Src/keypad_driver.c.obj
 .comment       0x00000043       0x44 CMakeFiles/4100901-Room_Control-CubeMX.dir/Core/Src/led_driver.c.obj
 .comment       0x00000043       0x44 CMakeFiles/4100901-Room_Control-CubeMX.dir/Core/Src/ring_buffer.c.obj
 .comment       0x00000043       0x44 CMakeFiles/4100901-Room_Control-CubeMX.dir/Drivers/ssd1306/ssd1306.c.obj
 .comment       0x00000043       0x44 CMakeFiles/4100901-Room_Control-CubeMX.dir/Drivers/ssd1306/ssd1306_fonts.c.obj
 .comment       0x00000043       0x44 C:/ST/STM32CubeCLT_1.19.0/GNU-tools-for-STM32/bin/../lib/gcc/arm-none-eabi/13.3.1/../../../../arm-none-eabi/lib/thumb/v7e-m+fp/hard\libg_nano.a(libc_a-findfp.o)
 .comment       0x00000043       0x44 C:/ST/STM32CubeCLT_1.19.0/GNU-tools-for-STM32/bin/../lib/gcc/arm-none-eabi/13.3.1/../../../../arm-none-eabi/lib/thumb/v7e-m+fp/hard\libg_nano.a(libc_a-fwalk.o)
 .comment       0x00000043       0x44 C:/ST/STM32CubeCLT_1.19.0/GNU-tools-for-STM32/bin/../lib/gcc/arm-none-eabi/13.3.1/../../../../arm-none-eabi/lib/thumb/v7e-m+fp/hard\libg_nano.a(libc_a-printf.o)
 .comment       0x00000043       0x44 C:/ST/STM32CubeCLT_1.19.0/GNU-tools-for-STM32/bin/../lib/gcc/arm-none-eabi/13.3.1/../../../../arm-none-eabi/lib/thumb/v7e-m+fp/hard\libg_nano.a(libc_a-puts.o)
 .comment       0x00000043       0x44 C:/ST/STM32CubeCLT_1.19.0/GNU-tools-for-STM32/bin/../lib/gcc/arm-none-eabi/13.3.1/../../../../arm-none-eabi/lib/thumb/v7e-m+fp/hard\libg_nano.a(libc_a-stdio.o)
 .comment       0x00000043       0x44 C:/ST/STM32CubeCLT_1.19.0/GNU-tools-for-STM32/bin/../lib/gcc/arm-none-eabi/13.3.1/../../../../arm-none-eabi/lib/thumb/v7e-m+fp/hard\libg_nano.a(libc_a-wbuf.o)
 .comment       0x00000043       0x44 C:/ST/STM32CubeCLT_1.19.0/GNU-tools-for-STM32/bin/../lib/gcc/arm-none-eabi/13.3.1/../../../../arm-none-eabi/lib/thumb/v7e-m+fp/hard\libg_nano.a(libc_a-wsetup.o)
 .comment       0x00000043       0x44 C:/ST/STM32CubeCLT_1.19.0/GNU-tools-for-STM32/bin/../lib/gcc/arm-none-eabi/13.3.1/../../../../arm-none-eabi/lib/thumb/v7e-m+fp/hard\libg_nano.a(libc_a-memset.o)
 .comment       0x00000043       0x44 C:/ST/STM32CubeCLT_1.19.0/GNU-tools-for-STM32/bin/../lib/gcc/arm-none-eabi/13.3.1/../../../../arm-none-eabi/lib/thumb/v7e-m+fp/hard\libg_nano.a(libc_a-closer.o)
 .comment       0x00000043       0x44 C:/ST/STM32CubeCLT_1.19.0/GNU-tools-for-STM32/bin/../lib/gcc/arm-none-eabi/13.3.1/../../../../arm-none-eabi/lib/thumb/v7e-m+fp/hard\libg_nano.a(libc_a-reent.o)
 .comment       0x00000043       0x44 C:/ST/STM32CubeCLT_1.19.0/GNU-tools-for-STM32/bin/../lib/gcc/arm-none-eabi/13.3.1/../../../../arm-none-eabi/lib/thumb/v7e-m+fp/hard\libg_nano.a(libc_a-impure.o)
 .comment       0x00000043       0x44 C:/ST/STM32CubeCLT_1.19.0/GNU-tools-for-STM32/bin/../lib/gcc/arm-none-eabi/13.3.1/../../../../arm-none-eabi/lib/thumb/v7e-m+fp/hard\libg_nano.a(libc_a-lseekr.o)
 .comment       0x00000043       0x44 C:/ST/STM32CubeCLT_1.19.0/GNU-tools-for-STM32/bin/../lib/gcc/arm-none-eabi/13.3.1/../../../../arm-none-eabi/lib/thumb/v7e-m+fp/hard\libg_nano.a(libc_a-readr.o)
 .comment       0x00000043       0x44 C:/ST/STM32CubeCLT_1.19.0/GNU-tools-for-STM32/bin/../lib/gcc/arm-none-eabi/13.3.1/../../../../arm-none-eabi/lib/thumb/v7e-m+fp/hard\libg_nano.a(libc_a-writer.o)
 .comment       0x00000043       0x44 C:/ST/STM32CubeCLT_1.19.0/GNU-tools-for-STM32/bin/../lib/gcc/arm-none-eabi/13.3.1/../../../../arm-none-eabi/lib/thumb/v7e-m+fp/hard\libg_nano.a(libc_a-errno.o)
 .comment       0x00000043       0x44 C:/ST/STM32CubeCLT_1.19.0/GNU-tools-for-STM32/bin/../lib/gcc/arm-none-eabi/13.3.1/../../../../arm-none-eabi/lib/thumb/v7e-m+fp/hard\libg_nano.a(libc_a-init.o)
 .comment       0x00000043       0x44 C:/ST/STM32CubeCLT_1.19.0/GNU-tools-for-STM32/bin/../lib/gcc/arm-none-eabi/13.3.1/../../../../arm-none-eabi/lib/thumb/v7e-m+fp/hard\libg_nano.a(libc_a-lock.o)
 .comment       0x00000043       0x44 C:/ST/STM32CubeCLT_1.19.0/GNU-tools-for-STM32/bin/../lib/gcc/arm-none-eabi/13.3.1/../../../../arm-none-eabi/lib/thumb/v7e-m+fp/hard\libg_nano.a(libc_a-freer.o)
 .comment       0x00000043       0x44 C:/ST/STM32CubeCLT_1.19.0/GNU-tools-for-STM32/bin/../lib/gcc/arm-none-eabi/13.3.1/../../../../arm-none-eabi/lib/thumb/v7e-m+fp/hard\libg_nano.a(libc_a-mallocr.o)
 .comment       0x00000043       0x44 C:/ST/STM32CubeCLT_1.19.0/GNU-tools-for-STM32/bin/../lib/gcc/arm-none-eabi/13.3.1/../../../../arm-none-eabi/lib/thumb/v7e-m+fp/hard\libg_nano.a(libc_a-mlock.o)
 .comment       0x00000043       0x44 C:/ST/STM32CubeCLT_1.19.0/GNU-tools-for-STM32/bin/../lib/gcc/arm-none-eabi/13.3.1/../../../../arm-none-eabi/lib/thumb/v7e-m+fp/hard\libg_nano.a(libc_a-nano-vfprintf.o)
 .comment       0x00000043       0x44 C:/ST/STM32CubeCLT_1.19.0/GNU-tools-for-STM32/bin/../lib/gcc/arm-none-eabi/13.3.1/../../../../arm-none-eabi/lib/thumb/v7e-m+fp/hard\libg_nano.a(libc_a-nano-vfprintf_i.o)
 .comment       0x00000043       0x44 C:/ST/STM32CubeCLT_1.19.0/GNU-tools-for-STM32/bin/../lib/gcc/arm-none-eabi/13.3.1/../../../../arm-none-eabi/lib/thumb/v7e-m+fp/hard\libg_nano.a(libc_a-fflush.o)
 .comment       0x00000043       0x44 C:/ST/STM32CubeCLT_1.19.0/GNU-tools-for-STM32/bin/../lib/gcc/arm-none-eabi/13.3.1/../../../../arm-none-eabi/lib/thumb/v7e-m+fp/hard\libg_nano.a(libc_a-makebuf.o)
 .comment       0x00000043       0x44 C:/ST/STM32CubeCLT_1.19.0/GNU-tools-for-STM32/bin/../lib/gcc/arm-none-eabi/13.3.1/../../../../arm-none-eabi/lib/thumb/v7e-m+fp/hard\libg_nano.a(libc_a-fstatr.o)
 .comment       0x00000043       0x44 C:/ST/STM32CubeCLT_1.19.0/GNU-tools-for-STM32/bin/../lib/gcc/arm-none-eabi/13.3.1/../../../../arm-none-eabi/lib/thumb/v7e-m+fp/hard\libg_nano.a(libc_a-isattyr.o)
 .comment       0x00000043       0x44 C:/ST/STM32CubeCLT_1.19.0/GNU-tools-for-STM32/bin/../lib/gcc/arm-none-eabi/13.3.1/../../../../arm-none-eabi/lib/thumb/v7e-m+fp/hard\libg_nano.a(libc_a-sbrkr.o)

.debug_info     0x00000000    0x2a1ad
 .debug_info    0x00000000      0x5cf cmake/stm32cubemx/CMakeFiles/STM32_Drivers.dir/__/__/Core/Src/system_stm32l4xx.c.obj
 .debug_info    0x000005cf     0x6576 cmake/stm32cubemx/CMakeFiles/STM32_Drivers.dir/7cc2bf78d381c51da830a55a79b40627/Src/stm32l4xx_hal_i2c.c.obj
 .debug_info    0x00006b45      0x98e cmake/stm32cubemx/CMakeFiles/STM32_Drivers.dir/34ffa62f3cf58c1e1b0485243292b06d/stm32l4xx_hal_i2c_ex.c.obj
 .debug_info    0x000074d3      0xd10 cmake/stm32cubemx/CMakeFiles/STM32_Drivers.dir/__/__/Drivers/STM32L4xx_HAL_Driver/Src/stm32l4xx_hal.c.obj
 .debug_info    0x000081e3      0xe91 cmake/stm32cubemx/CMakeFiles/STM32_Drivers.dir/7cc2bf78d381c51da830a55a79b40627/Src/stm32l4xx_hal_rcc.c.obj
 .debug_info    0x00009074     0x1111 cmake/stm32cubemx/CMakeFiles/STM32_Drivers.dir/34ffa62f3cf58c1e1b0485243292b06d/stm32l4xx_hal_rcc_ex.c.obj
 .debug_info    0x0000a185      0x791 cmake/stm32cubemx/CMakeFiles/STM32_Drivers.dir/7cc2bf78d381c51da830a55a79b40627/Src/stm32l4xx_hal_gpio.c.obj
 .debug_info    0x0000a916      0x81d cmake/stm32cubemx/CMakeFiles/STM32_Drivers.dir/7cc2bf78d381c51da830a55a79b40627/Src/stm32l4xx_hal_dma.c.obj
 .debug_info    0x0000b133      0xa58 cmake/stm32cubemx/CMakeFiles/STM32_Drivers.dir/34ffa62f3cf58c1e1b0485243292b06d/stm32l4xx_hal_pwr_ex.c.obj
 .debug_info    0x0000bb8b     0x1018 cmake/stm32cubemx/CMakeFiles/STM32_Drivers.dir/34ffa62f3cf58c1e1b0485243292b06d/stm32l4xx_hal_cortex.c.obj
 .debug_info    0x0000cba3     0x654d cmake/stm32cubemx/CMakeFiles/STM32_Drivers.dir/7cc2bf78d381c51da830a55a79b40627/Src/stm32l4xx_hal_uart.c.obj
 .debug_info    0x000130f0     0x1095 cmake/stm32cubemx/CMakeFiles/STM32_Drivers.dir/34ffa62f3cf58c1e1b0485243292b06d/stm32l4xx_hal_uart_ex.c.obj
 .debug_info    0x00014185     0x1f3a CMakeFiles/4100901-Room_Control-CubeMX.dir/Core/Src/main.c.obj
 .debug_info    0x000160bf      0x7da CMakeFiles/4100901-Room_Control-CubeMX.dir/Core/Src/stm32l4xx_it.c.obj
 .debug_info    0x00016899     0x1473 CMakeFiles/4100901-Room_Control-CubeMX.dir/Core/Src/stm32l4xx_hal_msp.c.obj
 .debug_info    0x00017d0c      0x186 CMakeFiles/4100901-Room_Control-CubeMX.dir/Core/Src/sysmem.c.obj
 .debug_info    0x00017e92      0x7af CMakeFiles/4100901-Room_Control-CubeMX.dir/Core/Src/syscalls.c.obj
 .debug_info    0x00018641       0x30 CMakeFiles/4100901-Room_Control-CubeMX.dir/startup_stm32l476xx.s.obj
 .debug_info    0x00018671      0x43c CMakeFiles/4100901-Room_Control-CubeMX.dir/core/Src/keypad_driver.c.obj
 .debug_info    0x00018aad      0x2b5 CMakeFiles/4100901-Room_Control-CubeMX.dir/Core/Src/led_driver.c.obj
 .debug_info    0x00018d62      0x2b0 CMakeFiles/4100901-Room_Control-CubeMX.dir/Core/Src/ring_buffer.c.obj
 .debug_info    0x00019012     0x2c64 CMakeFiles/4100901-Room_Control-CubeMX.dir/Drivers/ssd1306/ssd1306.c.obj
 .debug_info    0x0001bc76      0x2a4 CMakeFiles/4100901-Room_Control-CubeMX.dir/Drivers/ssd1306/ssd1306_fonts.c.obj
 .debug_info    0x0001bf1a      0xfb5 C:/ST/STM32CubeCLT_1.19.0/GNU-tools-for-STM32/bin/../lib/gcc/arm-none-eabi/13.3.1/../../../../arm-none-eabi/lib/thumb/v7e-m+fp/hard\libg_nano.a(libc_a-findfp.o)
 .debug_info    0x0001cecf      0x7d2 C:/ST/STM32CubeCLT_1.19.0/GNU-tools-for-STM32/bin/../lib/gcc/arm-none-eabi/13.3.1/../../../../arm-none-eabi/lib/thumb/v7e-m+fp/hard\libg_nano.a(libc_a-fwalk.o)
 .debug_info    0x0001d6a1      0x841 C:/ST/STM32CubeCLT_1.19.0/GNU-tools-for-STM32/bin/../lib/gcc/arm-none-eabi/13.3.1/../../../../arm-none-eabi/lib/thumb/v7e-m+fp/hard\libg_nano.a(libc_a-printf.o)
 .debug_info    0x0001dee2      0x950 C:/ST/STM32CubeCLT_1.19.0/GNU-tools-for-STM32/bin/../lib/gcc/arm-none-eabi/13.3.1/../../../../arm-none-eabi/lib/thumb/v7e-m+fp/hard\libg_nano.a(libc_a-puts.o)
 .debug_info    0x0001e832      0xa90 C:/ST/STM32CubeCLT_1.19.0/GNU-tools-for-STM32/bin/../lib/gcc/arm-none-eabi/13.3.1/../../../../arm-none-eabi/lib/thumb/v7e-m+fp/hard\libg_nano.a(libc_a-stdio.o)
 .debug_info    0x0001f2c2      0x874 C:/ST/STM32CubeCLT_1.19.0/GNU-tools-for-STM32/bin/../lib/gcc/arm-none-eabi/13.3.1/../../../../arm-none-eabi/lib/thumb/v7e-m+fp/hard\libg_nano.a(libc_a-wbuf.o)
 .debug_info    0x0001fb36      0x7bb C:/ST/STM32CubeCLT_1.19.0/GNU-tools-for-STM32/bin/../lib/gcc/arm-none-eabi/13.3.1/../../../../arm-none-eabi/lib/thumb/v7e-m+fp/hard\libg_nano.a(libc_a-wsetup.o)
 .debug_info    0x000202f1       0xe0 C:/ST/STM32CubeCLT_1.19.0/GNU-tools-for-STM32/bin/../lib/gcc/arm-none-eabi/13.3.1/../../../../arm-none-eabi/lib/thumb/v7e-m+fp/hard\libg_nano.a(libc_a-memset.o)
 .debug_info    0x000203d1      0x75d C:/ST/STM32CubeCLT_1.19.0/GNU-tools-for-STM32/bin/../lib/gcc/arm-none-eabi/13.3.1/../../../../arm-none-eabi/lib/thumb/v7e-m+fp/hard\libg_nano.a(libc_a-closer.o)
 .debug_info    0x00020b2e      0x8a1 C:/ST/STM32CubeCLT_1.19.0/GNU-tools-for-STM32/bin/../lib/gcc/arm-none-eabi/13.3.1/../../../../arm-none-eabi/lib/thumb/v7e-m+fp/hard\libg_nano.a(libc_a-reent.o)
 .debug_info    0x000213cf      0x715 C:/ST/STM32CubeCLT_1.19.0/GNU-tools-for-STM32/bin/../lib/gcc/arm-none-eabi/13.3.1/../../../../arm-none-eabi/lib/thumb/v7e-m+fp/hard\libg_nano.a(libc_a-impure.o)
 .debug_info    0x00021ae4      0x7a8 C:/ST/STM32CubeCLT_1.19.0/GNU-tools-for-STM32/bin/../lib/gcc/arm-none-eabi/13.3.1/../../../../arm-none-eabi/lib/thumb/v7e-m+fp/hard\libg_nano.a(libc_a-lseekr.o)
 .debug_info    0x0002228c      0x7bf C:/ST/STM32CubeCLT_1.19.0/GNU-tools-for-STM32/bin/../lib/gcc/arm-none-eabi/13.3.1/../../../../arm-none-eabi/lib/thumb/v7e-m+fp/hard\libg_nano.a(libc_a-readr.o)
 .debug_info    0x00022a4b      0x7c5 C:/ST/STM32CubeCLT_1.19.0/GNU-tools-for-STM32/bin/../lib/gcc/arm-none-eabi/13.3.1/../../../../arm-none-eabi/lib/thumb/v7e-m+fp/hard\libg_nano.a(libc_a-writer.o)
 .debug_info    0x00023210      0x6fb C:/ST/STM32CubeCLT_1.19.0/GNU-tools-for-STM32/bin/../lib/gcc/arm-none-eabi/13.3.1/../../../../arm-none-eabi/lib/thumb/v7e-m+fp/hard\libg_nano.a(libc_a-errno.o)
 .debug_info    0x0002390b      0x10b C:/ST/STM32CubeCLT_1.19.0/GNU-tools-for-STM32/bin/../lib/gcc/arm-none-eabi/13.3.1/../../../../arm-none-eabi/lib/thumb/v7e-m+fp/hard\libg_nano.a(libc_a-init.o)
 .debug_info    0x00023a16      0x218 C:/ST/STM32CubeCLT_1.19.0/GNU-tools-for-STM32/bin/../lib/gcc/arm-none-eabi/13.3.1/../../../../arm-none-eabi/lib/thumb/v7e-m+fp/hard\libg_nano.a(libc_a-lock.o)
 .debug_info    0x00023c2e      0x851 C:/ST/STM32CubeCLT_1.19.0/GNU-tools-for-STM32/bin/../lib/gcc/arm-none-eabi/13.3.1/../../../../arm-none-eabi/lib/thumb/v7e-m+fp/hard\libg_nano.a(libc_a-freer.o)
 .debug_info    0x0002447f      0x9bc C:/ST/STM32CubeCLT_1.19.0/GNU-tools-for-STM32/bin/../lib/gcc/arm-none-eabi/13.3.1/../../../../arm-none-eabi/lib/thumb/v7e-m+fp/hard\libg_nano.a(libc_a-mallocr.o)
 .debug_info    0x00024e3b      0x76b C:/ST/STM32CubeCLT_1.19.0/GNU-tools-for-STM32/bin/../lib/gcc/arm-none-eabi/13.3.1/../../../../arm-none-eabi/lib/thumb/v7e-m+fp/hard\libg_nano.a(libc_a-mlock.o)
 .debug_info    0x000255a6     0x1094 C:/ST/STM32CubeCLT_1.19.0/GNU-tools-for-STM32/bin/../lib/gcc/arm-none-eabi/13.3.1/../../../../arm-none-eabi/lib/thumb/v7e-m+fp/hard\libg_nano.a(libc_a-nano-vfprintf.o)
 .debug_info    0x0002663a      0xde2 C:/ST/STM32CubeCLT_1.19.0/GNU-tools-for-STM32/bin/../lib/gcc/arm-none-eabi/13.3.1/../../../../arm-none-eabi/lib/thumb/v7e-m+fp/hard\libg_nano.a(libc_a-nano-vfprintf_i.o)
 .debug_info    0x0002741c      0x9f2 C:/ST/STM32CubeCLT_1.19.0/GNU-tools-for-STM32/bin/../lib/gcc/arm-none-eabi/13.3.1/../../../../arm-none-eabi/lib/thumb/v7e-m+fp/hard\libg_nano.a(libc_a-fflush.o)
 .debug_info    0x00027e0e      0xb1a C:/ST/STM32CubeCLT_1.19.0/GNU-tools-for-STM32/bin/../lib/gcc/arm-none-eabi/13.3.1/../../../../arm-none-eabi/lib/thumb/v7e-m+fp/hard\libg_nano.a(libc_a-makebuf.o)
 .debug_info    0x00028928      0x981 C:/ST/STM32CubeCLT_1.19.0/GNU-tools-for-STM32/bin/../lib/gcc/arm-none-eabi/13.3.1/../../../../arm-none-eabi/lib/thumb/v7e-m+fp/hard\libg_nano.a(libc_a-fstatr.o)
 .debug_info    0x000292a9      0x75d C:/ST/STM32CubeCLT_1.19.0/GNU-tools-for-STM32/bin/../lib/gcc/arm-none-eabi/13.3.1/../../../../arm-none-eabi/lib/thumb/v7e-m+fp/hard\libg_nano.a(libc_a-isattyr.o)
 .debug_info    0x00029a06      0x782 C:/ST/STM32CubeCLT_1.19.0/GNU-tools-for-STM32/bin/../lib/gcc/arm-none-eabi/13.3.1/../../../../arm-none-eabi/lib/thumb/v7e-m+fp/hard\libg_nano.a(libc_a-sbrkr.o)
 .debug_info    0x0002a188       0x25 C:/ST/STM32CubeCLT_1.19.0/GNU-tools-for-STM32/bin/../lib/gcc/arm-none-eabi/13.3.1/../../../../arm-none-eabi/lib/thumb/v7e-m+fp/hard\libg_nano.a(libc_a-memchr.o)

.debug_abbrev   0x00000000     0x6d4d
 .debug_abbrev  0x00000000      0x120 cmake/stm32cubemx/CMakeFiles/STM32_Drivers.dir/__/__/Core/Src/system_stm32l4xx.c.obj
 .debug_abbrev  0x00000120      0x3fa cmake/stm32cubemx/CMakeFiles/STM32_Drivers.dir/7cc2bf78d381c51da830a55a79b40627/Src/stm32l4xx_hal_i2c.c.obj
 .debug_abbrev  0x0000051a      0x1c7 cmake/stm32cubemx/CMakeFiles/STM32_Drivers.dir/34ffa62f3cf58c1e1b0485243292b06d/stm32l4xx_hal_i2c_ex.c.obj
 .debug_abbrev  0x000006e1      0x2de cmake/stm32cubemx/CMakeFiles/STM32_Drivers.dir/__/__/Drivers/STM32L4xx_HAL_Driver/Src/stm32l4xx_hal.c.obj
 .debug_abbrev  0x000009bf      0x2cc cmake/stm32cubemx/CMakeFiles/STM32_Drivers.dir/7cc2bf78d381c51da830a55a79b40627/Src/stm32l4xx_hal_rcc.c.obj
 .debug_abbrev  0x00000c8b      0x2b9 cmake/stm32cubemx/CMakeFiles/STM32_Drivers.dir/34ffa62f3cf58c1e1b0485243292b06d/stm32l4xx_hal_rcc_ex.c.obj
 .debug_abbrev  0x00000f44      0x20c cmake/stm32cubemx/CMakeFiles/STM32_Drivers.dir/7cc2bf78d381c51da830a55a79b40627/Src/stm32l4xx_hal_gpio.c.obj
 .debug_abbrev  0x00001150      0x243 cmake/stm32cubemx/CMakeFiles/STM32_Drivers.dir/7cc2bf78d381c51da830a55a79b40627/Src/stm32l4xx_hal_dma.c.obj
 .debug_abbrev  0x00001393      0x296 cmake/stm32cubemx/CMakeFiles/STM32_Drivers.dir/34ffa62f3cf58c1e1b0485243292b06d/stm32l4xx_hal_pwr_ex.c.obj
 .debug_abbrev  0x00001629      0x387 cmake/stm32cubemx/CMakeFiles/STM32_Drivers.dir/34ffa62f3cf58c1e1b0485243292b06d/stm32l4xx_hal_cortex.c.obj
 .debug_abbrev  0x000019b0      0x47a cmake/stm32cubemx/CMakeFiles/STM32_Drivers.dir/7cc2bf78d381c51da830a55a79b40627/Src/stm32l4xx_hal_uart.c.obj
 .debug_abbrev  0x00001e2a      0x323 cmake/stm32cubemx/CMakeFiles/STM32_Drivers.dir/34ffa62f3cf58c1e1b0485243292b06d/stm32l4xx_hal_uart_ex.c.obj
 .debug_abbrev  0x0000214d      0x499 CMakeFiles/4100901-Room_Control-CubeMX.dir/Core/Src/main.c.obj
 .debug_abbrev  0x000025e6      0x1d5 CMakeFiles/4100901-Room_Control-CubeMX.dir/Core/Src/stm32l4xx_it.c.obj
 .debug_abbrev  0x000027bb      0x210 CMakeFiles/4100901-Room_Control-CubeMX.dir/Core/Src/stm32l4xx_hal_msp.c.obj
 .debug_abbrev  0x000029cb       0xdc CMakeFiles/4100901-Room_Control-CubeMX.dir/Core/Src/sysmem.c.obj
 .debug_abbrev  0x00002aa7      0x20d CMakeFiles/4100901-Room_Control-CubeMX.dir/Core/Src/syscalls.c.obj
 .debug_abbrev  0x00002cb4       0x24 CMakeFiles/4100901-Room_Control-CubeMX.dir/startup_stm32l476xx.s.obj
 .debug_abbrev  0x00002cd8      0x24b CMakeFiles/4100901-Room_Control-CubeMX.dir/core/Src/keypad_driver.c.obj
 .debug_abbrev  0x00002f23      0x1b3 CMakeFiles/4100901-Room_Control-CubeMX.dir/Core/Src/led_driver.c.obj
 .debug_abbrev  0x000030d6      0x15d CMakeFiles/4100901-Room_Control-CubeMX.dir/Core/Src/ring_buffer.c.obj
 .debug_abbrev  0x00003233      0x524 CMakeFiles/4100901-Room_Control-CubeMX.dir/Drivers/ssd1306/ssd1306.c.obj
 .debug_abbrev  0x00003757       0xcf CMakeFiles/4100901-Room_Control-CubeMX.dir/Drivers/ssd1306/ssd1306_fonts.c.obj
 .debug_abbrev  0x00003826      0x424 C:/ST/STM32CubeCLT_1.19.0/GNU-tools-for-STM32/bin/../lib/gcc/arm-none-eabi/13.3.1/../../../../arm-none-eabi/lib/thumb/v7e-m+fp/hard\libg_nano.a(libc_a-findfp.o)
 .debug_abbrev  0x00003c4a      0x19b C:/ST/STM32CubeCLT_1.19.0/GNU-tools-for-STM32/bin/../lib/gcc/arm-none-eabi/13.3.1/../../../../arm-none-eabi/lib/thumb/v7e-m+fp/hard\libg_nano.a(libc_a-fwalk.o)
 .debug_abbrev  0x00003de5      0x21a C:/ST/STM32CubeCLT_1.19.0/GNU-tools-for-STM32/bin/../lib/gcc/arm-none-eabi/13.3.1/../../../../arm-none-eabi/lib/thumb/v7e-m+fp/hard\libg_nano.a(libc_a-printf.o)
 .debug_abbrev  0x00003fff      0x2a7 C:/ST/STM32CubeCLT_1.19.0/GNU-tools-for-STM32/bin/../lib/gcc/arm-none-eabi/13.3.1/../../../../arm-none-eabi/lib/thumb/v7e-m+fp/hard\libg_nano.a(libc_a-puts.o)
 .debug_abbrev  0x000042a6      0x221 C:/ST/STM32CubeCLT_1.19.0/GNU-tools-for-STM32/bin/../lib/gcc/arm-none-eabi/13.3.1/../../../../arm-none-eabi/lib/thumb/v7e-m+fp/hard\libg_nano.a(libc_a-stdio.o)
 .debug_abbrev  0x000044c7      0x22d C:/ST/STM32CubeCLT_1.19.0/GNU-tools-for-STM32/bin/../lib/gcc/arm-none-eabi/13.3.1/../../../../arm-none-eabi/lib/thumb/v7e-m+fp/hard\libg_nano.a(libc_a-wbuf.o)
 .debug_abbrev  0x000046f4      0x1e2 C:/ST/STM32CubeCLT_1.19.0/GNU-tools-for-STM32/bin/../lib/gcc/arm-none-eabi/13.3.1/../../../../arm-none-eabi/lib/thumb/v7e-m+fp/hard\libg_nano.a(libc_a-wsetup.o)
 .debug_abbrev  0x000048d6       0x9e C:/ST/STM32CubeCLT_1.19.0/GNU-tools-for-STM32/bin/../lib/gcc/arm-none-eabi/13.3.1/../../../../arm-none-eabi/lib/thumb/v7e-m+fp/hard\libg_nano.a(libc_a-memset.o)
 .debug_abbrev  0x00004974      0x1b0 C:/ST/STM32CubeCLT_1.19.0/GNU-tools-for-STM32/bin/../lib/gcc/arm-none-eabi/13.3.1/../../../../arm-none-eabi/lib/thumb/v7e-m+fp/hard\libg_nano.a(libc_a-closer.o)
 .debug_abbrev  0x00004b24      0x1f7 C:/ST/STM32CubeCLT_1.19.0/GNU-tools-for-STM32/bin/../lib/gcc/arm-none-eabi/13.3.1/../../../../arm-none-eabi/lib/thumb/v7e-m+fp/hard\libg_nano.a(libc_a-reent.o)
 .debug_abbrev  0x00004d1b      0x149 C:/ST/STM32CubeCLT_1.19.0/GNU-tools-for-STM32/bin/../lib/gcc/arm-none-eabi/13.3.1/../../../../arm-none-eabi/lib/thumb/v7e-m+fp/hard\libg_nano.a(libc_a-impure.o)
 .debug_abbrev  0x00004e64      0x1c4 C:/ST/STM32CubeCLT_1.19.0/GNU-tools-for-STM32/bin/../lib/gcc/arm-none-eabi/13.3.1/../../../../arm-none-eabi/lib/thumb/v7e-m+fp/hard\libg_nano.a(libc_a-lseekr.o)
 .debug_abbrev  0x00005028      0x1b0 C:/ST/STM32CubeCLT_1.19.0/GNU-tools-for-STM32/bin/../lib/gcc/arm-none-eabi/13.3.1/../../../../arm-none-eabi/lib/thumb/v7e-m+fp/hard\libg_nano.a(libc_a-readr.o)
 .debug_abbrev  0x000051d8      0x1b5 C:/ST/STM32CubeCLT_1.19.0/GNU-tools-for-STM32/bin/../lib/gcc/arm-none-eabi/13.3.1/../../../../arm-none-eabi/lib/thumb/v7e-m+fp/hard\libg_nano.a(libc_a-writer.o)
 .debug_abbrev  0x0000538d      0x15e C:/ST/STM32CubeCLT_1.19.0/GNU-tools-for-STM32/bin/../lib/gcc/arm-none-eabi/13.3.1/../../../../arm-none-eabi/lib/thumb/v7e-m+fp/hard\libg_nano.a(libc_a-errno.o)
 .debug_abbrev  0x000054eb       0xc9 C:/ST/STM32CubeCLT_1.19.0/GNU-tools-for-STM32/bin/../lib/gcc/arm-none-eabi/13.3.1/../../../../arm-none-eabi/lib/thumb/v7e-m+fp/hard\libg_nano.a(libc_a-init.o)
 .debug_abbrev  0x000055b4      0x115 C:/ST/STM32CubeCLT_1.19.0/GNU-tools-for-STM32/bin/../lib/gcc/arm-none-eabi/13.3.1/../../../../arm-none-eabi/lib/thumb/v7e-m+fp/hard\libg_nano.a(libc_a-lock.o)
 .debug_abbrev  0x000056c9      0x236 C:/ST/STM32CubeCLT_1.19.0/GNU-tools-for-STM32/bin/../lib/gcc/arm-none-eabi/13.3.1/../../../../arm-none-eabi/lib/thumb/v7e-m+fp/hard\libg_nano.a(libc_a-freer.o)
 .debug_abbrev  0x000058ff      0x24a C:/ST/STM32CubeCLT_1.19.0/GNU-tools-for-STM32/bin/../lib/gcc/arm-none-eabi/13.3.1/../../../../arm-none-eabi/lib/thumb/v7e-m+fp/hard\libg_nano.a(libc_a-mallocr.o)
 .debug_abbrev  0x00005b49      0x1bf C:/ST/STM32CubeCLT_1.19.0/GNU-tools-for-STM32/bin/../lib/gcc/arm-none-eabi/13.3.1/../../../../arm-none-eabi/lib/thumb/v7e-m+fp/hard\libg_nano.a(libc_a-mlock.o)
 .debug_abbrev  0x00005d08      0x316 C:/ST/STM32CubeCLT_1.19.0/GNU-tools-for-STM32/bin/../lib/gcc/arm-none-eabi/13.3.1/../../../../arm-none-eabi/lib/thumb/v7e-m+fp/hard\libg_nano.a(libc_a-nano-vfprintf.o)
 .debug_abbrev  0x0000601e      0x28e C:/ST/STM32CubeCLT_1.19.0/GNU-tools-for-STM32/bin/../lib/gcc/arm-none-eabi/13.3.1/../../../../arm-none-eabi/lib/thumb/v7e-m+fp/hard\libg_nano.a(libc_a-nano-vfprintf_i.o)
 .debug_abbrev  0x000062ac      0x2b2 C:/ST/STM32CubeCLT_1.19.0/GNU-tools-for-STM32/bin/../lib/gcc/arm-none-eabi/13.3.1/../../../../arm-none-eabi/lib/thumb/v7e-m+fp/hard\libg_nano.a(libc_a-fflush.o)
 .debug_abbrev  0x0000655e      0x28e C:/ST/STM32CubeCLT_1.19.0/GNU-tools-for-STM32/bin/../lib/gcc/arm-none-eabi/13.3.1/../../../../arm-none-eabi/lib/thumb/v7e-m+fp/hard\libg_nano.a(libc_a-makebuf.o)
 .debug_abbrev  0x000067ec      0x1c3 C:/ST/STM32CubeCLT_1.19.0/GNU-tools-for-STM32/bin/../lib/gcc/arm-none-eabi/13.3.1/../../../../arm-none-eabi/lib/thumb/v7e-m+fp/hard\libg_nano.a(libc_a-fstatr.o)
 .debug_abbrev  0x000069af      0x1b0 C:/ST/STM32CubeCLT_1.19.0/GNU-tools-for-STM32/bin/../lib/gcc/arm-none-eabi/13.3.1/../../../../arm-none-eabi/lib/thumb/v7e-m+fp/hard\libg_nano.a(libc_a-isattyr.o)
 .debug_abbrev  0x00006b5f      0x1da C:/ST/STM32CubeCLT_1.19.0/GNU-tools-for-STM32/bin/../lib/gcc/arm-none-eabi/13.3.1/../../../../arm-none-eabi/lib/thumb/v7e-m+fp/hard\libg_nano.a(libc_a-sbrkr.o)
 .debug_abbrev  0x00006d39       0x14 C:/ST/STM32CubeCLT_1.19.0/GNU-tools-for-STM32/bin/../lib/gcc/arm-none-eabi/13.3.1/../../../../arm-none-eabi/lib/thumb/v7e-m+fp/hard\libg_nano.a(libc_a-memchr.o)

.debug_loclists
                0x00000000    0x11d64
 .debug_loclists
                0x00000000       0xdc cmake/stm32cubemx/CMakeFiles/STM32_Drivers.dir/__/__/Core/Src/system_stm32l4xx.c.obj
 .debug_loclists
                0x000000dc     0x6d08 cmake/stm32cubemx/CMakeFiles/STM32_Drivers.dir/7cc2bf78d381c51da830a55a79b40627/Src/stm32l4xx_hal_i2c.c.obj
 .debug_loclists